neutralbank.app:443 170.81.34.160 - - [06/Aug/2024:15:55:00 +0000] "GET /api/api/v1/proyecto/proyecto_referencia/74/ HTTP/1.1" 200 4951 "https://www.neutralbank.app/referencia-item" "Mozilla/5.0 (Macintosh; Intel Mac OS X 10_15_7) AppleWebKit/537.36 (KHTML, like Gecko) Chrome/125.0.0.0 Safari/537.36"
neutralbank.app:443 170.81.34.160 - - [06/Aug/2024:15:55:10 +0000] "GET /api/api/v1/huella/huellareferencia/?proyecto=74&token=b7e1af144a3dff426cc7d514b462e1404629442b HTTP/1.1" 200 2271 "https://www.neutralbank.app/huella-referencia" "Mozilla/5.0 (Macintosh; Intel Mac OS X 10_15_7) AppleWebKit/537.36 (KHTML, like Gecko) Chrome/125.0.0.0 Safari/537.36"
neutralbank.app:443 200.25.27.118 - - [06/Aug/2024:15:55:35 +0000] "GET / HTTP/1.1" 200 6383 "-" "Mozilla/5.0 (compatible; PRTG Network Monitor (www.paessler.com); Windows)"
neutralbank.app:443 170.81.34.160 - - [06/Aug/2024:15:56:06 +0000] "GET /api/api/v1/catalogo/tipoproyecto/ HTTP/1.1" 200 2422 "https://www.neutralbank.app/registro-referencia" "Mozilla/5.0 (Macintosh; Intel Mac OS X 10_15_7) AppleWebKit/537.36 (KHTML, like Gecko) Chrome/125.0.0.0 Safari/537.36"
neutralbank.app:443 170.81.34.160 - - [06/Aug/2024:15:56:06 +0000] "GET /api/api/v1/catalogo/pais/ HTTP/1.1" 200 1474 "https://www.neutralbank.app/registro-referencia" "Mozilla/5.0 (Macintosh; Intel Mac OS X 10_15_7) AppleWebKit/537.36 (KHTML, like Gecko) Chrome/125.0.0.0 Safari/537.36"
neutralbank.app:443 170.81.34.160 - - [06/Aug/2024:15:56:06 +0000] "GET /api/api/v1/proyecto/proyecto/ HTTP/1.1" 200 6789 "https://www.neutralbank.app/registro-referencia" "Mozilla/5.0 (Macintosh; Intel Mac OS X 10_15_7) AppleWebKit/537.36 (KHTML, like Gecko) Chrome/125.0.0.0 Safari/537.36"
neutralbank.app:443 200.25.27.118 - - [06/Aug/2024:15:56:35 +0000] "GET / HTTP/1.1" 200 6383 "-" "Mozilla/5.0 (compatible; PRTG Network Monitor (www.paessler.com); Windows)"
neutralbank.app:443 170.81.34.160 - - [06/Aug/2024:15:57:23 +0000] "GET /api/api/v1/proyecto/proyecto_referencia/72/ HTTP/1.1" 200 6771 "https://www.neutralbank.app/referencia-item" "Mozilla/5.0 (Macintosh; Intel Mac OS X 10_15_7) AppleWebKit/537.36 (KHTML, like Gecko) Chrome/125.0.0.0 Safari/537.36"
neutralbank.app:443 200.25.27.118 - - [06/Aug/2024:15:57:35 +0000] "GET / HTTP/1.1" 200 6383 "-" "Mozilla/5.0 (compatible; PRTG Network Monitor (www.paessler.com); Windows)"
neutralbank.app:443 170.81.34.160 - - [06/Aug/2024:15:57:37 +0000] "GET /referencia-item HTTP/1.1" 200 4761 "https://www.neutralbank.app/soporte" "Mozilla/5.0 (Macintosh; Intel Mac OS X 10_15_7) AppleWebKit/537.36 (KHTML, like Gecko) Chrome/125.0.0.0 Safari/537.36"
neutralbank.app:443 170.81.34.160 - - [06/Aug/2024:15:57:38 +0000] "GET /api/api/v1/proyecto/proyecto_referencia/72/ HTTP/1.1" 200 4358 "https://www.neutralbank.app/referencia-item" "Mozilla/5.0 (Macintosh; Intel Mac OS X 10_15_7) AppleWebKit/537.36 (KHTML, like Gecko) Chrome/125.0.0.0 Safari/537.36"
neutralbank.app:443 170.81.34.160 - - [06/Aug/2024:15:57:44 +0000] "GET /api/api/v1/huella/huellareferencia/?proyecto=72&token=b7e1af144a3dff426cc7d514b462e1404629442b HTTP/1.1" 200 2248 "https://www.neutralbank.app/huella-referencia" "Mozilla/5.0 (Macintosh; Intel Mac OS X 10_15_7) AppleWebKit/537.36 (KHTML, like Gecko) Chrome/125.0.0.0 Safari/537.36"
neutralbank.app:443 200.25.27.118 - - [06/Aug/2024:15:58:35 +0000] "GET / HTTP/1.1" 200 6383 "-" "Mozilla/5.0 (compatible; PRTG Network Monitor (www.paessler.com); Windows)"
neutralbank.app:443 200.25.27.118 - - [06/Aug/2024:15:59:35 +0000] "GET / HTTP/1.1" 200 6383 "-" "Mozilla/5.0 (compatible; PRTG Network Monitor (www.paessler.com); Windows)"
neutralbank.app:443 138.84.59.151 - - [06/Aug/2024:16:00:03 +0000] "GET /registro-referencia HTTP/1.1" 200 2672 "https://www.neutralbank.app/soporte" "Mozilla/5.0 (Macintosh; Intel Mac OS X 10_15_7) AppleWebKit/537.36 (KHTML, like Gecko) Chrome/125.0.0.0 Safari/537.36"
neutralbank.app:443 138.84.59.151 - - [06/Aug/2024:16:00:04 +0000] "GET /api/api/v1/catalogo/tipoproyecto/ HTTP/1.1" 200 2098 "https://www.neutralbank.app/registro-referencia" "Mozilla/5.0 (Macintosh; Intel Mac OS X 10_15_7) AppleWebKit/537.36 (KHTML, like Gecko) Chrome/125.0.0.0 Safari/537.36"
neutralbank.app:443 138.84.59.151 - - [06/Aug/2024:16:00:04 +0000] "GET /api/api/v1/catalogo/pais/ HTTP/1.1" 200 1474 "https://www.neutralbank.app/registro-referencia" "Mozilla/5.0 (Macintosh; Intel Mac OS X 10_15_7) AppleWebKit/537.36 (KHTML, like Gecko) Chrome/125.0.0.0 Safari/537.36"
neutralbank.app:443 138.84.59.151 - - [06/Aug/2024:16:00:04 +0000] "GET /api/api/v1/proyecto/proyecto/ HTTP/1.1" 200 6789 "https://www.neutralbank.app/registro-referencia" "Mozilla/5.0 (Macintosh; Intel Mac OS X 10_15_7) AppleWebKit/537.36 (KHTML, like Gecko) Chrome/125.0.0.0 Safari/537.36"
neutralbank.app:443 138.84.59.151 - - [06/Aug/2024:16:00:12 +0000] "GET /api/api/v1/proyecto/proyecto_referencia/69/ HTTP/1.1" 200 6217 "https://www.neutralbank.app/referencia-item" "Mozilla/5.0 (Macintosh; Intel Mac OS X 10_15_7) AppleWebKit/537.36 (KHTML, like Gecko) Chrome/125.0.0.0 Safari/537.36"
neutralbank.app:443 138.84.59.151 - - [06/Aug/2024:16:00:17 +0000] "GET /api/api/v1/huella/huellareferencia/?proyecto=69&token=b7e1af144a3dff426cc7d514b462e1404629442b HTTP/1.1" 200 2299 "https://www.neutralbank.app/huella-referencia" "Mozilla/5.0 (Macintosh; Intel Mac OS X 10_15_7) AppleWebKit/537.36 (KHTML, like Gecko) Chrome/125.0.0.0 Safari/537.36"
neutralbank.app:443 200.25.27.118 - - [06/Aug/2024:16:00:35 +0000] "GET / HTTP/1.1" 200 6383 "-" "Mozilla/5.0 (compatible; PRTG Network Monitor (www.paessler.com); Windows)"
neutralbank.app:443 138.84.59.151 - - [06/Aug/2024:16:01:20 +0000] "GET /api/api/v1/catalogo/tipoproyecto/ HTTP/1.1" 200 2422 "https://www.neutralbank.app/registro-referencia" "Mozilla/5.0 (Macintosh; Intel Mac OS X 10_15_7) AppleWebKit/537.36 (KHTML, like Gecko) Chrome/125.0.0.0 Safari/537.36"
neutralbank.app:443 138.84.59.151 - - [06/Aug/2024:16:01:20 +0000] "GET /api/api/v1/catalogo/pais/ HTTP/1.1" 200 1474 "https://www.neutralbank.app/registro-referencia" "Mozilla/5.0 (Macintosh; Intel Mac OS X 10_15_7) AppleWebKit/537.36 (KHTML, like Gecko) Chrome/125.0.0.0 Safari/537.36"
neutralbank.app:443 138.84.59.151 - - [06/Aug/2024:16:01:20 +0000] "GET /api/api/v1/proyecto/proyecto/ HTTP/1.1" 200 6789 "https://www.neutralbank.app/registro-referencia" "Mozilla/5.0 (Macintosh; Intel Mac OS X 10_15_7) AppleWebKit/537.36 (KHTML, like Gecko) Chrome/125.0.0.0 Safari/537.36"
neutralbank.app:443 138.84.59.151 - - [06/Aug/2024:16:01:30 +0000] "GET /api/api/v1/proyecto/proyecto_referencia/68/ HTTP/1.1" 200 6517 "https://www.neutralbank.app/referencia-item" "Mozilla/5.0 (Macintosh; Intel Mac OS X 10_15_7) AppleWebKit/537.36 (KHTML, like Gecko) Chrome/125.0.0.0 Safari/537.36"
neutralbank.app:443 200.25.27.118 - - [06/Aug/2024:16:01:35 +0000] "GET / HTTP/1.1" 200 6383 "-" "Mozilla/5.0 (compatible; PRTG Network Monitor (www.paessler.com); Windows)"
neutralbank.app:443 138.84.59.151 - - [06/Aug/2024:16:01:36 +0000] "GET /api/api/v1/huella/huellareferencia/?proyecto=68&token=b7e1af144a3dff426cc7d514b462e1404629442b HTTP/1.1" 200 2436 "https://www.neutralbank.app/huella-referencia" "Mozilla/5.0 (Macintosh; Intel Mac OS X 10_15_7) AppleWebKit/537.36 (KHTML, like Gecko) Chrome/125.0.0.0 Safari/537.36"
neutralbank.app:443 138.84.59.151 - - [06/Aug/2024:16:02:11 +0000] "GET /api/api/v1/catalogo/tipoproyecto/ HTTP/1.1" 200 2422 "https://www.neutralbank.app/registro-referencia" "Mozilla/5.0 (Macintosh; Intel Mac OS X 10_15_7) AppleWebKit/537.36 (KHTML, like Gecko) Chrome/125.0.0.0 Safari/537.36"
neutralbank.app:443 138.84.59.151 - - [06/Aug/2024:16:02:11 +0000] "GET /api/api/v1/catalogo/pais/ HTTP/1.1" 200 1474 "https://www.neutralbank.app/registro-referencia" "Mozilla/5.0 (Macintosh; Intel Mac OS X 10_15_7) AppleWebKit/537.36 (KHTML, like Gecko) Chrome/125.0.0.0 Safari/537.36"
neutralbank.app:443 138.84.59.151 - - [06/Aug/2024:16:02:12 +0000] "GET /api/api/v1/proyecto/proyecto/ HTTP/1.1" 200 6789 "https://www.neutralbank.app/registro-referencia" "Mozilla/5.0 (Macintosh; Intel Mac OS X 10_15_7) AppleWebKit/537.36 (KHTML, like Gecko) Chrome/125.0.0.0 Safari/537.36"
neutralbank.app:443 138.84.59.151 - - [06/Aug/2024:16:02:20 +0000] "GET /api/api/v1/proyecto/proyecto_referencia/66/ HTTP/1.1" 200 4830 "https://www.neutralbank.app/referencia-item" "Mozilla/5.0 (Macintosh; Intel Mac OS X 10_15_7) AppleWebKit/537.36 (KHTML, like Gecko) Chrome/125.0.0.0 Safari/537.36"
neutralbank.app:443 138.84.59.151 - - [06/Aug/2024:16:02:23 +0000] "GET /api/api/v1/huella/huellareferencia/?proyecto=66&token=b7e1af144a3dff426cc7d514b462e1404629442b HTTP/1.1" 200 2489 "https://www.neutralbank.app/huella-referencia" "Mozilla/5.0 (Macintosh; Intel Mac OS X 10_15_7) AppleWebKit/537.36 (KHTML, like Gecko) Chrome/125.0.0.0 Safari/537.36"
neutralbank.app:443 200.25.27.118 - - [06/Aug/2024:16:02:35 +0000] "GET / HTTP/1.1" 200 6383 "-" "Mozilla/5.0 (compatible; PRTG Network Monitor (www.paessler.com); Windows)"
neutralbank.app:443 138.84.59.151 - - [06/Aug/2024:16:03:09 +0000] "GET /api/api/v1/catalogo/tipoproyecto/ HTTP/1.1" 200 2422 "https://www.neutralbank.app/registro-referencia" "Mozilla/5.0 (Macintosh; Intel Mac OS X 10_15_7) AppleWebKit/537.36 (KHTML, like Gecko) Chrome/125.0.0.0 Safari/537.36"
neutralbank.app:443 138.84.59.151 - - [06/Aug/2024:16:03:09 +0000] "GET /api/api/v1/catalogo/pais/ HTTP/1.1" 200 1474 "https://www.neutralbank.app/registro-referencia" "Mozilla/5.0 (Macintosh; Intel Mac OS X 10_15_7) AppleWebKit/537.36 (KHTML, like Gecko) Chrome/125.0.0.0 Safari/537.36"
neutralbank.app:443 138.84.59.151 - - [06/Aug/2024:16:03:09 +0000] "GET /api/api/v1/proyecto/proyecto/ HTTP/1.1" 200 6789 "https://www.neutralbank.app/registro-referencia" "Mozilla/5.0 (Macintosh; Intel Mac OS X 10_15_7) AppleWebKit/537.36 (KHTML, like Gecko) Chrome/125.0.0.0 Safari/537.36"
neutralbank.app:443 138.84.59.151 - - [06/Aug/2024:16:03:14 +0000] "GET /api/api/v1/proyecto/proyecto_referencia/60/ HTTP/1.1" 200 6649 "https://www.neutralbank.app/referencia-item" "Mozilla/5.0 (Macintosh; Intel Mac OS X 10_15_7) AppleWebKit/537.36 (KHTML, like Gecko) Chrome/125.0.0.0 Safari/537.36"
neutralbank.app:443 138.84.59.151 - - [06/Aug/2024:16:03:22 +0000] "GET /api/api/v1/huella/huellareferencia/?proyecto=60&token=b7e1af144a3dff426cc7d514b462e1404629442b HTTP/1.1" 200 2258 "https://www.neutralbank.app/huella-referencia" "Mozilla/5.0 (Macintosh; Intel Mac OS X 10_15_7) AppleWebKit/537.36 (KHTML, like Gecko) Chrome/125.0.0.0 Safari/537.36"
neutralbank.app:443 200.25.27.118 - - [06/Aug/2024:16:03:35 +0000] "GET / HTTP/1.1" 200 6383 "-" "Mozilla/5.0 (compatible; PRTG Network Monitor (www.paessler.com); Windows)"
neutralbank.app:443 138.84.59.151 - - [06/Aug/2024:16:03:49 +0000] "GET /api/api/v1/catalogo/tipoproyecto/ HTTP/1.1" 200 2422 "https://www.neutralbank.app/registro-referencia" "Mozilla/5.0 (Macintosh; Intel Mac OS X 10_15_7) AppleWebKit/537.36 (KHTML, like Gecko) Chrome/125.0.0.0 Safari/537.36"
neutralbank.app:443 138.84.59.151 - - [06/Aug/2024:16:03:49 +0000] "GET /api/api/v1/catalogo/pais/ HTTP/1.1" 200 1474 "https://www.neutralbank.app/registro-referencia" "Mozilla/5.0 (Macintosh; Intel Mac OS X 10_15_7) AppleWebKit/537.36 (KHTML, like Gecko) Chrome/125.0.0.0 Safari/537.36"
neutralbank.app:443 138.84.59.151 - - [06/Aug/2024:16:03:50 +0000] "GET /api/api/v1/proyecto/proyecto/ HTTP/1.1" 200 6789 "https://www.neutralbank.app/registro-referencia" "Mozilla/5.0 (Macintosh; Intel Mac OS X 10_15_7) AppleWebKit/537.36 (KHTML, like Gecko) Chrome/125.0.0.0 Safari/537.36"
neutralbank.app:443 138.84.59.151 - - [06/Aug/2024:16:03:56 +0000] "GET /api/api/v1/proyecto/proyecto_referencia/59/ HTTP/1.1" 200 4056 "https://www.neutralbank.app/referencia-item" "Mozilla/5.0 (Macintosh; Intel Mac OS X 10_15_7) AppleWebKit/537.36 (KHTML, like Gecko) Chrome/125.0.0.0 Safari/537.36"
neutralbank.app:443 138.84.59.151 - - [06/Aug/2024:16:03:59 +0000] "GET /api/api/v1/huella/huellareferencia/?proyecto=59&token=b7e1af144a3dff426cc7d514b462e1404629442b HTTP/1.1" 200 1991 "https://www.neutralbank.app/huella-referencia" "Mozilla/5.0 (Macintosh; Intel Mac OS X 10_15_7) AppleWebKit/537.36 (KHTML, like Gecko) Chrome/125.0.0.0 Safari/537.36"
neutralbank.app:443 200.25.27.118 - - [06/Aug/2024:16:04:35 +0000] "GET / HTTP/1.1" 200 6383 "-" "Mozilla/5.0 (compatible; PRTG Network Monitor (www.paessler.com); Windows)"
neutralbank.app:443 138.84.59.151 - - [06/Aug/2024:16:05:08 +0000] "GET /api/api/v1/catalogo/tipoproyecto/ HTTP/1.1" 200 2422 "https://www.neutralbank.app/registro-referencia" "Mozilla/5.0 (Macintosh; Intel Mac OS X 10_15_7) AppleWebKit/537.36 (KHTML, like Gecko) Chrome/125.0.0.0 Safari/537.36"
neutralbank.app:443 138.84.59.151 - - [06/Aug/2024:16:05:08 +0000] "GET /api/api/v1/catalogo/pais/ HTTP/1.1" 200 1474 "https://www.neutralbank.app/registro-referencia" "Mozilla/5.0 (Macintosh; Intel Mac OS X 10_15_7) AppleWebKit/537.36 (KHTML, like Gecko) Chrome/125.0.0.0 Safari/537.36"
neutralbank.app:443 138.84.59.151 - - [06/Aug/2024:16:05:08 +0000] "GET /api/api/v1/proyecto/proyecto/ HTTP/1.1" 200 6789 "https://www.neutralbank.app/registro-referencia" "Mozilla/5.0 (Macintosh; Intel Mac OS X 10_15_7) AppleWebKit/537.36 (KHTML, like Gecko) Chrome/125.0.0.0 Safari/537.36"
neutralbank.app:443 138.84.59.151 - - [06/Aug/2024:16:05:14 +0000] "GET /api/api/v1/proyecto/proyecto_referencia/69/ HTTP/1.1" 200 6217 "https://www.neutralbank.app/referencia-item" "Mozilla/5.0 (Macintosh; Intel Mac OS X 10_15_7) AppleWebKit/537.36 (KHTML, like Gecko) Chrome/125.0.0.0 Safari/537.36"
neutralbank.app:443 138.84.59.151 - - [06/Aug/2024:16:05:16 +0000] "GET /api/api/v1/huella/huellareferencia/?proyecto=69&token=b7e1af144a3dff426cc7d514b462e1404629442b HTTP/1.1" 200 1975 "https://www.neutralbank.app/huella-referencia" "Mozilla/5.0 (Macintosh; Intel Mac OS X 10_15_7) AppleWebKit/537.36 (KHTML, like Gecko) Chrome/125.0.0.0 Safari/537.36"
neutralbank.app:443 200.25.27.118 - - [06/Aug/2024:16:05:35 +0000] "GET / HTTP/1.1" 200 6383 "-" "Mozilla/5.0 (compatible; PRTG Network Monitor (www.paessler.com); Windows)"
neutralbank.app:443 138.84.59.151 - - [06/Aug/2024:16:05:53 +0000] "GET /api/api/v1/catalogo/tipoproyecto/ HTTP/1.1" 200 2422 "https://www.neutralbank.app/registro-referencia" "Mozilla/5.0 (Macintosh; Intel Mac OS X 10_15_7) AppleWebKit/537.36 (KHTML, like Gecko) Chrome/125.0.0.0 Safari/537.36"
neutralbank.app:443 138.84.59.151 - - [06/Aug/2024:16:05:53 +0000] "GET /api/api/v1/catalogo/pais/ HTTP/1.1" 200 1474 "https://www.neutralbank.app/registro-referencia" "Mozilla/5.0 (Macintosh; Intel Mac OS X 10_15_7) AppleWebKit/537.36 (KHTML, like Gecko) Chrome/125.0.0.0 Safari/537.36"
neutralbank.app:443 138.84.59.151 - - [06/Aug/2024:16:05:54 +0000] "GET /api/api/v1/proyecto/proyecto/ HTTP/1.1" 200 6789 "https://www.neutralbank.app/registro-referencia" "Mozilla/5.0 (Macintosh; Intel Mac OS X 10_15_7) AppleWebKit/537.36 (KHTML, like Gecko) Chrome/125.0.0.0 Safari/537.36"
neutralbank.app:443 138.84.59.151 - - [06/Aug/2024:16:05:57 +0000] "GET /api/api/v1/proyecto/proyecto_referencia/60/ HTTP/1.1" 200 6649 "https://www.neutralbank.app/referencia-item" "Mozilla/5.0 (Macintosh; Intel Mac OS X 10_15_7) AppleWebKit/537.36 (KHTML, like Gecko) Chrome/125.0.0.0 Safari/537.36"
neutralbank.app:443 138.84.59.151 - - [06/Aug/2024:16:06:05 +0000] "GET /api/api/v1/huella/huellareferencia/?proyecto=60&token=b7e1af144a3dff426cc7d514b462e1404629442b HTTP/1.1" 200 2258 "https://www.neutralbank.app/huella-referencia" "Mozilla/5.0 (Macintosh; Intel Mac OS X 10_15_7) AppleWebKit/537.36 (KHTML, like Gecko) Chrome/125.0.0.0 Safari/537.36"
neutralbank.app:443 138.84.59.151 - - [06/Aug/2024:16:06:23 +0000] "GET /api/api/v1/catalogo/tipoproyecto/ HTTP/1.1" 200 2422 "https://www.neutralbank.app/registro-referencia" "Mozilla/5.0 (Macintosh; Intel Mac OS X 10_15_7) AppleWebKit/537.36 (KHTML, like Gecko) Chrome/125.0.0.0 Safari/537.36"
neutralbank.app:443 138.84.59.151 - - [06/Aug/2024:16:06:24 +0000] "GET /api/api/v1/catalogo/pais/ HTTP/1.1" 200 1474 "https://www.neutralbank.app/registro-referencia" "Mozilla/5.0 (Macintosh; Intel Mac OS X 10_15_7) AppleWebKit/537.36 (KHTML, like Gecko) Chrome/125.0.0.0 Safari/537.36"
neutralbank.app:443 138.84.59.151 - - [06/Aug/2024:16:06:24 +0000] "GET /api/api/v1/proyecto/proyecto/ HTTP/1.1" 200 6789 "https://www.neutralbank.app/registro-referencia" "Mozilla/5.0 (Macintosh; Intel Mac OS X 10_15_7) AppleWebKit/537.36 (KHTML, like Gecko) Chrome/125.0.0.0 Safari/537.36"
neutralbank.app:443 138.84.59.151 - - [06/Aug/2024:16:06:28 +0000] "GET /api/api/v1/proyecto/proyecto_referencia/59/ HTTP/1.1" 200 4056 "https://www.neutralbank.app/referencia-item" "Mozilla/5.0 (Macintosh; Intel Mac OS X 10_15_7) AppleWebKit/537.36 (KHTML, like Gecko) Chrome/125.0.0.0 Safari/537.36"
neutralbank.app:443 200.25.27.118 - - [06/Aug/2024:16:06:35 +0000] "GET / HTTP/1.1" 200 6383 "-" "Mozilla/5.0 (compatible; PRTG Network Monitor (www.paessler.com); Windows)"
neutralbank.app:443 138.84.59.151 - - [06/Aug/2024:16:06:37 +0000] "GET /api/api/v1/huella/huellareferencia/?proyecto=59&token=b7e1af144a3dff426cc7d514b462e1404629442b HTTP/1.1" 200 2315 "https://www.neutralbank.app/huella-referencia" "Mozilla/5.0 (Macintosh; Intel Mac OS X 10_15_7) AppleWebKit/537.36 (KHTML, like Gecko) Chrome/125.0.0.0 Safari/537.36"
neutralbank.app:443 200.25.27.118 - - [06/Aug/2024:16:07:35 +0000] "GET / HTTP/1.1" 200 6383 "-" "Mozilla/5.0 (compatible; PRTG Network Monitor (www.paessler.com); Windows)"
neutralbank.app:443 138.84.59.151 - - [06/Aug/2024:16:08:12 +0000] "GET /api/api/v1/catalogo/tipoproyecto/ HTTP/1.1" 200 2422 "https://www.neutralbank.app/lista-registro" "Mozilla/5.0 (Macintosh; Intel Mac OS X 10_15_7) AppleWebKit/537.36 (KHTML, like Gecko) Chrome/125.0.0.0 Safari/537.36"
neutralbank.app:443 138.84.59.151 - - [06/Aug/2024:16:08:13 +0000] "GET /api/api/v1/catalogo/pais/ HTTP/1.1" 200 1474 "https://www.neutralbank.app/lista-registro" "Mozilla/5.0 (Macintosh; Intel Mac OS X 10_15_7) AppleWebKit/537.36 (KHTML, like Gecko) Chrome/125.0.0.0 Safari/537.36"
neutralbank.app:443 138.84.59.151 - - [06/Aug/2024:16:08:13 +0000] "GET /api/api/v1/proyecto/proyecto/ HTTP/1.1" 200 6789 "https://www.neutralbank.app/lista-registro" "Mozilla/5.0 (Macintosh; Intel Mac OS X 10_15_7) AppleWebKit/537.36 (KHTML, like Gecko) Chrome/125.0.0.0 Safari/537.36"
neutralbank.app:443 138.84.59.151 - - [06/Aug/2024:16:08:29 +0000] "GET /api/api/v1/proyecto/proyecto_registro/59/?fase=2 HTTP/1.1" 200 6374 "https://www.neutralbank.app/registro-item" "Mozilla/5.0 (Macintosh; Intel Mac OS X 10_15_7) AppleWebKit/537.36 (KHTML, like Gecko) Chrome/125.0.0.0 Safari/537.36"
neutralbank.app:443 200.25.27.118 - - [06/Aug/2024:16:08:35 +0000] "GET / HTTP/1.1" 200 6383 "-" "Mozilla/5.0 (compatible; PRTG Network Monitor (www.paessler.com); Windows)"
neutralbank.app:443 138.84.59.151 - - [06/Aug/2024:16:08:48 +0000] "GET /api/api/v1/proyecto/proyecto_registro/59/?fase=3 HTTP/1.1" 200 6402 "https://www.neutralbank.app/registro-item" "Mozilla/5.0 (Macintosh; Intel Mac OS X 10_15_7) AppleWebKit/537.36 (KHTML, like Gecko) Chrome/125.0.0.0 Safari/537.36"
neutralbank.app:443 138.84.59.151 - - [06/Aug/2024:16:08:54 +0000] "GET /api/api/v1/proyecto/proyecto_registro/59/?fase=2 HTTP/1.1" 200 6374 "https://www.neutralbank.app/registro-item" "Mozilla/5.0 (Macintosh; Intel Mac OS X 10_15_7) AppleWebKit/537.36 (KHTML, like Gecko) Chrome/125.0.0.0 Safari/537.36"
neutralbank.app:443 138.84.59.151 - - [06/Aug/2024:16:08:57 +0000] "GET /api/api/v1/catalogo/tipoproyecto/ HTTP/1.1" 200 2422 "https://www.neutralbank.app/lista-registro" "Mozilla/5.0 (Macintosh; Intel Mac OS X 10_15_7) AppleWebKit/537.36 (KHTML, like Gecko) Chrome/125.0.0.0 Safari/537.36"
neutralbank.app:443 138.84.59.151 - - [06/Aug/2024:16:08:57 +0000] "GET /api/api/v1/catalogo/pais/ HTTP/1.1" 200 1474 "https://www.neutralbank.app/lista-registro" "Mozilla/5.0 (Macintosh; Intel Mac OS X 10_15_7) AppleWebKit/537.36 (KHTML, like Gecko) Chrome/125.0.0.0 Safari/537.36"
neutralbank.app:443 138.84.59.151 - - [06/Aug/2024:16:08:58 +0000] "GET /api/api/v1/proyecto/proyecto/ HTTP/1.1" 200 6789 "https://www.neutralbank.app/lista-registro" "Mozilla/5.0 (Macintosh; Intel Mac OS X 10_15_7) AppleWebKit/537.36 (KHTML, like Gecko) Chrome/125.0.0.0 Safari/537.36"
neutralbank.app:443 138.84.59.151 - - [06/Aug/2024:16:09:02 +0000] "GET /api/api/v1/proyecto/proyecto_registro/59/?fase=2 HTTP/1.1" 200 6374 "https://www.neutralbank.app/registro-item" "Mozilla/5.0 (Macintosh; Intel Mac OS X 10_15_7) AppleWebKit/537.36 (KHTML, like Gecko) Chrome/125.0.0.0 Safari/537.36"
neutralbank.app:443 138.84.59.151 - - [06/Aug/2024:16:09:07 +0000] "GET /api/api/v1/catalogo/tipoproyecto/ HTTP/1.1" 200 2422 "https://www.neutralbank.app/registro-referencia" "Mozilla/5.0 (Macintosh; Intel Mac OS X 10_15_7) AppleWebKit/537.36 (KHTML, like Gecko) Chrome/125.0.0.0 Safari/537.36"
neutralbank.app:443 138.84.59.151 - - [06/Aug/2024:16:09:08 +0000] "GET /api/api/v1/catalogo/pais/ HTTP/1.1" 200 1474 "https://www.neutralbank.app/registro-referencia" "Mozilla/5.0 (Macintosh; Intel Mac OS X 10_15_7) AppleWebKit/537.36 (KHTML, like Gecko) Chrome/125.0.0.0 Safari/537.36"
neutralbank.app:443 138.84.59.151 - - [06/Aug/2024:16:09:08 +0000] "GET /api/api/v1/proyecto/proyecto/ HTTP/1.1" 200 6789 "https://www.neutralbank.app/registro-referencia" "Mozilla/5.0 (Macintosh; Intel Mac OS X 10_15_7) AppleWebKit/537.36 (KHTML, like Gecko) Chrome/125.0.0.0 Safari/537.36"
neutralbank.app:443 138.84.59.151 - - [06/Aug/2024:16:09:11 +0000] "GET /api/api/v1/proyecto/proyecto_referencia/59/ HTTP/1.1" 200 3732 "https://www.neutralbank.app/referencia-item" "Mozilla/5.0 (Macintosh; Intel Mac OS X 10_15_7) AppleWebKit/537.36 (KHTML, like Gecko) Chrome/125.0.0.0 Safari/537.36"
neutralbank.app:443 138.84.59.151 - - [06/Aug/2024:16:09:18 +0000] "GET /api/api/v1/huella/huellareferencia/?proyecto=59&token=b7e1af144a3dff426cc7d514b462e1404629442b HTTP/1.1" 200 2315 "https://www.neutralbank.app/huella-referencia" "Mozilla/5.0 (Macintosh; Intel Mac OS X 10_15_7) AppleWebKit/537.36 (KHTML, like Gecko) Chrome/125.0.0.0 Safari/537.36"
neutralbank.app:443 200.25.27.118 - - [06/Aug/2024:16:09:35 +0000] "GET / HTTP/1.1" 200 6383 "-" "Mozilla/5.0 (compatible; PRTG Network Monitor (www.paessler.com); Windows)"
neutralbank.app:443 200.25.27.118 - - [06/Aug/2024:16:10:35 +0000] "GET / HTTP/1.1" 200 6383 "-" "Mozilla/5.0 (compatible; PRTG Network Monitor (www.paessler.com); Windows)"
neutralbank.app:443 138.84.59.151 - - [06/Aug/2024:16:11:19 +0000] "GET /api/api/v1/catalogo/tipoproyecto/ HTTP/1.1" 200 2422 "https://www.neutralbank.app/registro-referencia" "Mozilla/5.0 (Macintosh; Intel Mac OS X 10_15_7) AppleWebKit/537.36 (KHTML, like Gecko) Chrome/125.0.0.0 Safari/537.36"
neutralbank.app:443 138.84.59.151 - - [06/Aug/2024:16:11:19 +0000] "GET /api/api/v1/catalogo/pais/ HTTP/1.1" 200 1474 "https://www.neutralbank.app/registro-referencia" "Mozilla/5.0 (Macintosh; Intel Mac OS X 10_15_7) AppleWebKit/537.36 (KHTML, like Gecko) Chrome/125.0.0.0 Safari/537.36"
neutralbank.app:443 138.84.59.151 - - [06/Aug/2024:16:11:19 +0000] "GET /api/api/v1/proyecto/proyecto/ HTTP/1.1" 200 6789 "https://www.neutralbank.app/registro-referencia" "Mozilla/5.0 (Macintosh; Intel Mac OS X 10_15_7) AppleWebKit/537.36 (KHTML, like Gecko) Chrome/125.0.0.0 Safari/537.36"
neutralbank.app:443 138.84.59.151 - - [06/Aug/2024:16:11:28 +0000] "GET /api/api/v1/proyecto/proyecto_referencia/58/ HTTP/1.1" 200 6088 "https://www.neutralbank.app/referencia-item" "Mozilla/5.0 (Macintosh; Intel Mac OS X 10_15_7) AppleWebKit/537.36 (KHTML, like Gecko) Chrome/125.0.0.0 Safari/537.36"
neutralbank.app:443 200.25.27.118 - - [06/Aug/2024:16:11:35 +0000] "GET / HTTP/1.1" 200 6383 "-" "Mozilla/5.0 (compatible; PRTG Network Monitor (www.paessler.com); Windows)"
neutralbank.app:443 138.84.59.151 - - [06/Aug/2024:16:11:48 +0000] "GET /api/api/v1/huella/huellareferencia/?proyecto=58&token=b7e1af144a3dff426cc7d514b462e1404629442b HTTP/1.1" 200 2432 "https://www.neutralbank.app/huella-referencia" "Mozilla/5.0 (Macintosh; Intel Mac OS X 10_15_7) AppleWebKit/537.36 (KHTML, like Gecko) Chrome/125.0.0.0 Safari/537.36"
neutralbank.app:443 138.84.59.151 - - [06/Aug/2024:16:12:15 +0000] "GET /api/api/v1/catalogo/tipoproyecto/ HTTP/1.1" 200 2422 "https://www.neutralbank.app/registro-referencia" "Mozilla/5.0 (Macintosh; Intel Mac OS X 10_15_7) AppleWebKit/537.36 (KHTML, like Gecko) Chrome/125.0.0.0 Safari/537.36"
neutralbank.app:443 138.84.59.151 - - [06/Aug/2024:16:12:17 +0000] "GET /api/api/v1/catalogo/pais/ HTTP/1.1" 200 1474 "https://www.neutralbank.app/registro-referencia" "Mozilla/5.0 (Macintosh; Intel Mac OS X 10_15_7) AppleWebKit/537.36 (KHTML, like Gecko) Chrome/125.0.0.0 Safari/537.36"
neutralbank.app:443 138.84.59.151 - - [06/Aug/2024:16:12:17 +0000] "GET /api/api/v1/proyecto/proyecto/ HTTP/1.1" 200 6789 "https://www.neutralbank.app/registro-referencia" "Mozilla/5.0 (Macintosh; Intel Mac OS X 10_15_7) AppleWebKit/537.36 (KHTML, like Gecko) Chrome/125.0.0.0 Safari/537.36"
neutralbank.app:443 138.84.59.151 - - [06/Aug/2024:16:12:19 +0000] "GET /api/api/v1/proyecto/proyecto_referencia/59/ HTTP/1.1" 200 3732 "https://www.neutralbank.app/referencia-item" "Mozilla/5.0 (Macintosh; Intel Mac OS X 10_15_7) AppleWebKit/537.36 (KHTML, like Gecko) Chrome/125.0.0.0 Safari/537.36"
neutralbank.app:443 138.84.59.151 - - [06/Aug/2024:16:12:21 +0000] "GET /api/api/v1/huella/huellareferencia/?proyecto=59&token=b7e1af144a3dff426cc7d514b462e1404629442b HTTP/1.1" 200 1991 "https://www.neutralbank.app/huella-referencia" "Mozilla/5.0 (Macintosh; Intel Mac OS X 10_15_7) AppleWebKit/537.36 (KHTML, like Gecko) Chrome/125.0.0.0 Safari/537.36"
neutralbank.app:443 200.25.27.118 - - [06/Aug/2024:16:12:35 +0000] "GET / HTTP/1.1" 200 6383 "-" "Mozilla/5.0 (compatible; PRTG Network Monitor (www.paessler.com); Windows)"
neutralbank.app:443 200.25.27.118 - - [06/Aug/2024:16:13:35 +0000] "GET / HTTP/1.1" 200 6383 "-" "Mozilla/5.0 (compatible; PRTG Network Monitor (www.paessler.com); Windows)"
neutralbank.app:443 200.25.27.118 - - [06/Aug/2024:16:14:35 +0000] "GET / HTTP/1.1" 200 6383 "-" "Mozilla/5.0 (compatible; PRTG Network Monitor (www.paessler.com); Windows)"
neutralbank.app:443 200.25.27.118 - - [06/Aug/2024:16:15:35 +0000] "GET / HTTP/1.1" 200 6383 "-" "Mozilla/5.0 (compatible; PRTG Network Monitor (www.paessler.com); Windows)"
neutralbank.app:443 200.25.27.118 - - [06/Aug/2024:16:16:35 +0000] "GET / HTTP/1.1" 200 6383 "-" "Mozilla/5.0 (compatible; PRTG Network Monitor (www.paessler.com); Windows)"
neutralbank.app:443 200.25.27.118 - - [06/Aug/2024:16:17:35 +0000] "GET / HTTP/1.1" 200 6383 "-" "Mozilla/5.0 (compatible; PRTG Network Monitor (www.paessler.com); Windows)"
neutralbank.app:443 200.25.27.118 - - [06/Aug/2024:16:18:35 +0000] "GET / HTTP/1.1" 200 6383 "-" "Mozilla/5.0 (compatible; PRTG Network Monitor (www.paessler.com); Windows)"
neutralbank.app:443 200.25.27.118 - - [06/Aug/2024:16:19:35 +0000] "GET / HTTP/1.1" 200 6383 "-" "Mozilla/5.0 (compatible; PRTG Network Monitor (www.paessler.com); Windows)"
neutralbank.app:80 164.92.231.207 - - [06/Aug/2024:16:19:53 +0000] "GET / HTTP/1.0" 400 947 "-" "-"
neutralbank.app:443 200.25.27.118 - - [06/Aug/2024:16:20:35 +0000] "GET / HTTP/1.1" 200 6383 "-" "Mozilla/5.0 (compatible; PRTG Network Monitor (www.paessler.com); Windows)"
neutralbank.app:443 200.25.27.118 - - [06/Aug/2024:16:21:35 +0000] "GET / HTTP/1.1" 200 6383 "-" "Mozilla/5.0 (compatible; PRTG Network Monitor (www.paessler.com); Windows)"
neutralbank.app:443 200.25.27.118 - - [06/Aug/2024:16:22:35 +0000] "GET / HTTP/1.1" 200 6383 "-" "Mozilla/5.0 (compatible; PRTG Network Monitor (www.paessler.com); Windows)"
neutralbank.app:443 200.25.27.118 - - [06/Aug/2024:16:23:35 +0000] "GET / HTTP/1.1" 200 6383 "-" "Mozilla/5.0 (compatible; PRTG Network Monitor (www.paessler.com); Windows)"
neutralbank.app:443 200.25.27.118 - - [06/Aug/2024:16:24:35 +0000] "GET / HTTP/1.1" 200 6383 "-" "Mozilla/5.0 (compatible; PRTG Network Monitor (www.paessler.com); Windows)"
neutralbank.app:443 200.25.27.118 - - [06/Aug/2024:16:25:35 +0000] "GET / HTTP/1.1" 200 6383 "-" "Mozilla/5.0 (compatible; PRTG Network Monitor (www.paessler.com); Windows)"
neutralbank.app:443 200.25.27.118 - - [06/Aug/2024:16:26:35 +0000] "GET / HTTP/1.1" 200 6383 "-" "Mozilla/5.0 (compatible; PRTG Network Monitor (www.paessler.com); Windows)"
neutralbank.app:443 200.25.27.118 - - [06/Aug/2024:16:27:35 +0000] "GET / HTTP/1.1" 200 6383 "-" "Mozilla/5.0 (compatible; PRTG Network Monitor (www.paessler.com); Windows)"
neutralbank.app:443 200.25.27.118 - - [06/Aug/2024:16:28:35 +0000] "GET / HTTP/1.1" 200 6383 "-" "Mozilla/5.0 (compatible; PRTG Network Monitor (www.paessler.com); Windows)"
neutralbank.app:443 200.25.27.118 - - [06/Aug/2024:16:29:35 +0000] "GET / HTTP/1.1" 200 6383 "-" "Mozilla/5.0 (compatible; PRTG Network Monitor (www.paessler.com); Windows)"
neutralbank.app:443 200.25.27.118 - - [06/Aug/2024:16:30:35 +0000] "GET / HTTP/1.1" 200 6383 "-" "Mozilla/5.0 (compatible; PRTG Network Monitor (www.paessler.com); Windows)"
neutralbank.app:443 200.25.27.118 - - [06/Aug/2024:16:31:35 +0000] "GET / HTTP/1.1" 200 6383 "-" "Mozilla/5.0 (compatible; PRTG Network Monitor (www.paessler.com); Windows)"
neutralbank.app:443 200.25.27.118 - - [06/Aug/2024:16:32:35 +0000] "GET / HTTP/1.1" 200 6383 "-" "Mozilla/5.0 (compatible; PRTG Network Monitor (www.paessler.com); Windows)"
neutralbank.app:443 200.25.27.118 - - [06/Aug/2024:16:33:35 +0000] "GET / HTTP/1.1" 200 6383 "-" "Mozilla/5.0 (compatible; PRTG Network Monitor (www.paessler.com); Windows)"
neutralbank.app:443 200.25.27.118 - - [06/Aug/2024:16:34:35 +0000] "GET / HTTP/1.1" 200 6383 "-" "Mozilla/5.0 (compatible; PRTG Network Monitor (www.paessler.com); Windows)"
neutralbank.app:443 200.25.27.118 - - [06/Aug/2024:16:35:35 +0000] "GET / HTTP/1.1" 200 6383 "-" "Mozilla/5.0 (compatible; PRTG Network Monitor (www.paessler.com); Windows)"
neutralbank.app:443 200.25.27.118 - - [06/Aug/2024:16:36:35 +0000] "GET / HTTP/1.1" 200 6383 "-" "Mozilla/5.0 (compatible; PRTG Network Monitor (www.paessler.com); Windows)"
neutralbank.app:443 138.84.59.151 - - [06/Aug/2024:16:37:12 +0000] "GET /api/api/v1/catalogo/tipoproyecto/ HTTP/1.1" 200 4511 "https://www.neutralbank.app/registro-referencia" "Mozilla/5.0 (Macintosh; Intel Mac OS X 10_15_7) AppleWebKit/537.36 (KHTML, like Gecko) Chrome/125.0.0.0 Safari/537.36"
neutralbank.app:443 138.84.59.151 - - [06/Aug/2024:16:37:12 +0000] "GET /api/api/v1/catalogo/pais/ HTTP/1.1" 200 1474 "https://www.neutralbank.app/registro-referencia" "Mozilla/5.0 (Macintosh; Intel Mac OS X 10_15_7) AppleWebKit/537.36 (KHTML, like Gecko) Chrome/125.0.0.0 Safari/537.36"
neutralbank.app:443 138.84.59.151 - - [06/Aug/2024:16:37:12 +0000] "GET /api/api/v1/proyecto/proyecto/ HTTP/1.1" 200 6789 "https://www.neutralbank.app/registro-referencia" "Mozilla/5.0 (Macintosh; Intel Mac OS X 10_15_7) AppleWebKit/537.36 (KHTML, like Gecko) Chrome/125.0.0.0 Safari/537.36"
neutralbank.app:443 200.25.27.118 - - [06/Aug/2024:16:37:35 +0000] "GET / HTTP/1.1" 200 6383 "-" "Mozilla/5.0 (compatible; PRTG Network Monitor (www.paessler.com); Windows)"
neutralbank.app:443 45.135.95.25 - - [06/Aug/2024:16:37:41 +0000] "GET /?max-keys=1 HTTP/1.1" 200 4705 "-" "Go-http-client/1.1"
neutralbank.app:80 45.135.95.25 - - [06/Aug/2024:16:37:41 +0000] "GET / HTTP/1.0" 400 947 "-" "-"
neutralbank.app:443 200.25.27.118 - - [06/Aug/2024:16:38:35 +0000] "GET / HTTP/1.1" 200 6383 "-" "Mozilla/5.0 (compatible; PRTG Network Monitor (www.paessler.com); Windows)"
neutralbank.app:443 200.25.27.118 - - [06/Aug/2024:16:39:35 +0000] "GET / HTTP/1.1" 200 6383 "-" "Mozilla/5.0 (compatible; PRTG Network Monitor (www.paessler.com); Windows)"
neutralbank.app:443 200.25.27.118 - - [06/Aug/2024:16:40:35 +0000] "GET / HTTP/1.1" 200 6383 "-" "Mozilla/5.0 (compatible; PRTG Network Monitor (www.paessler.com); Windows)"
neutralbank.app:443 185.190.24.103 - - [06/Aug/2024:16:40:45 +0000] "GET /remote/login HTTP/1.1" 200 4705 "-" "Mozilla/5.0 (Windows NT 10.0; Win64; x64) AppleWebKit/537.36 (KHTML, like Gecko) Chrome/115.0.0.0 Safari/537.36 Edg/115.0.1901.203"
neutralbank.app:443 185.190.24.103 - - [06/Aug/2024:16:40:47 +0000] "GET /login HTTP/1.1" 200 2616 "-" "Mozilla/5.0 (Windows NT 10.0; Win64; x64) AppleWebKit/537.36 (KHTML, like Gecko) Chrome/115.0.0.0 Safari/537.36 Edg/115.0.1901.203"
neutralbank.app:443 200.25.27.118 - - [06/Aug/2024:16:41:35 +0000] "GET / HTTP/1.1" 200 6383 "-" "Mozilla/5.0 (compatible; PRTG Network Monitor (www.paessler.com); Windows)"
neutralbank.app:443 200.25.27.118 - - [06/Aug/2024:16:42:35 +0000] "GET / HTTP/1.1" 200 6383 "-" "Mozilla/5.0 (compatible; PRTG Network Monitor (www.paessler.com); Windows)"
neutralbank.app:443 200.25.27.118 - - [06/Aug/2024:16:43:35 +0000] "GET / HTTP/1.1" 200 6383 "-" "Mozilla/5.0 (compatible; PRTG Network Monitor (www.paessler.com); Windows)"
neutralbank.app:443 3.21.127.180 - - [06/Aug/2024:16:43:44 +0000] "GET /_profiler/phpinfo HTTP/1.1" 200 4705 "-" "Mozilla/5.0 (iPod; U; CPU iPhone OS 2_2_1 like Mac OS X; en-us) AppleWebKit/525.18.1 (KHTML, like Gecko) Version/3.1.1 Mobile/5H11a Safari/525.20"
neutralbank.app:443 200.25.27.118 - - [06/Aug/2024:16:44:35 +0000] "GET / HTTP/1.1" 200 6383 "-" "Mozilla/5.0 (compatible; PRTG Network Monitor (www.paessler.com); Windows)"
neutralbank.app:443 200.25.27.118 - - [06/Aug/2024:16:45:35 +0000] "GET / HTTP/1.1" 200 6383 "-" "Mozilla/5.0 (compatible; PRTG Network Monitor (www.paessler.com); Windows)"
neutralbank.app:443 3.21.127.180 - - [06/Aug/2024:16:45:56 +0000] "GET /_profiler/phpinfo HTTP/1.1" 200 4705 "-" "Mozilla/5.0 (iPhone; CPU iPhone OS 15_4 like Mac OS X) AppleWebKit/605.1.15 (KHTML, like Gecko) CriOS/101.0.4951.58 Mobile/15E148 Safari/604.1"
neutralbank.app:443 200.25.27.118 - - [06/Aug/2024:16:46:35 +0000] "GET / HTTP/1.1" 200 6383 "-" "Mozilla/5.0 (compatible; PRTG Network Monitor (www.paessler.com); Windows)"
neutralbank.app:443 94.156.66.69 - - [06/Aug/2024:16:47:23 +0000] "GET /.env HTTP/1.1" 200 4777 "-" "Mozilla/5.0 (Windows NT 10.0; Win64; x64) AppleWebKit/537.36 (KHTML, like Gecko) Chrome/108.0.0.0 Safari/537.36"
neutralbank.app:443 94.156.66.69 - - [06/Aug/2024:16:47:25 +0000] "GET /.env.save HTTP/1.1" 200 4777 "-" "Mozilla/5.0 (Windows NT 10.0; Win64; x64) AppleWebKit/537.36 (KHTML, like Gecko) Chrome/108.0.0.0 Safari/537.36"
neutralbank.app:443 94.156.66.69 - - [06/Aug/2024:16:47:28 +0000] "GET /.env.php HTTP/1.1" 200 4777 "-" "Mozilla/5.0 (Windows NT 10.0; Win64; x64) AppleWebKit/537.36 (KHTML, like Gecko) Chrome/108.0.0.0 Safari/537.36"
neutralbank.app:443 94.156.66.69 - - [06/Aug/2024:16:47:30 +0000] "GET /beta/.env HTTP/1.1" 200 4777 "-" "Mozilla/5.0 (Windows NT 10.0; Win64; x64) AppleWebKit/537.36 (KHTML, like Gecko) Chrome/108.0.0.0 Safari/537.36"
neutralbank.app:443 94.156.66.69 - - [06/Aug/2024:16:47:32 +0000] "GET /prod/.env HTTP/1.1" 200 4777 "-" "Mozilla/5.0 (Windows NT 10.0; Win64; x64) AppleWebKit/537.36 (KHTML, like Gecko) Chrome/108.0.0.0 Safari/537.36"
neutralbank.app:443 94.156.66.69 - - [06/Aug/2024:16:47:34 +0000] "GET /env.js HTTP/1.1" 200 4777 "-" "Mozilla/5.0 (Windows NT 10.0; Win64; x64) AppleWebKit/537.36 (KHTML, like Gecko) Chrome/108.0.0.0 Safari/537.36"
neutralbank.app:443 200.25.27.118 - - [06/Aug/2024:16:47:35 +0000] "GET / HTTP/1.1" 200 6383 "-" "Mozilla/5.0 (compatible; PRTG Network Monitor (www.paessler.com); Windows)"
neutralbank.app:443 94.156.66.69 - - [06/Aug/2024:16:47:35 +0000] "POST / HTTP/1.1" 200 4777 "-" "Mozilla/5.0 (Windows NT 10.0; Win64; x64) AppleWebKit/537.36 (KHTML, like Gecko) Chrome/108.0.0.0 Safari/537.36"
neutralbank.app:443 94.156.66.69 - - [06/Aug/2024:16:47:38 +0000] "GET /phpinfo HTTP/1.1" 200 4777 "-" "Mozilla/5.0 (Windows NT 10.0; Win64; x64) AppleWebKit/537.36 (KHTML, like Gecko) Chrome/108.0.0.0 Safari/537.36"
neutralbank.app:443 94.156.66.69 - - [06/Aug/2024:16:47:41 +0000] "GET /phpinfo.php HTTP/1.1" 200 4777 "-" "Mozilla/5.0 (Windows NT 10.0; Win64; x64) AppleWebKit/537.36 (KHTML, like Gecko) Chrome/108.0.0.0 Safari/537.36"
neutralbank.app:443 3.21.127.180 - - [06/Aug/2024:16:48:11 +0000] "GET /.env HTTP/1.1" 200 4705 "-" "Mozilla/5.0 (MeeGo; NokiaN9) AppleWebKit/534.13 (KHTML, like Gecko) NokiaBrowser/8.5.0 Mobile Safari/534.13"
neutralbank.app:443 46.19.139.234 - - [06/Aug/2024:16:48:23 +0000] "GET /autodiscover/autodiscover.json?@foo.com/mapi/nspi/?&Email=autodiscover/autodiscover.json%3f@foo.com HTTP/1.1" 200 4705 "-" "Mozilla/5.0 (Windows NT 10.0; Win64; x64) AppleWebKit/537.36 (KHTML, like Gecko) Chrome/88.0.4324.190 Safari/537.36"
neutralbank.app:443 200.25.27.118 - - [06/Aug/2024:16:48:35 +0000] "GET / HTTP/1.1" 200 6383 "-" "Mozilla/5.0 (compatible; PRTG Network Monitor (www.paessler.com); Windows)"
neutralbank.app:443 200.25.27.118 - - [06/Aug/2024:16:49:35 +0000] "GET / HTTP/1.1" 200 6383 "-" "Mozilla/5.0 (compatible; PRTG Network Monitor (www.paessler.com); Windows)"
neutralbank.app:443 200.25.27.118 - - [06/Aug/2024:16:50:35 +0000] "GET / HTTP/1.1" 200 6383 "-" "Mozilla/5.0 (compatible; PRTG Network Monitor (www.paessler.com); Windows)"
neutralbank.app:443 3.21.127.180 - - [06/Aug/2024:16:51:11 +0000] "GET /.env HTTP/1.1" 200 4705 "-" "Mozilla/5.0 (X11; Linux i686; rv:20.0) Gecko/20100101 Firefox/20.0"
neutralbank.app:443 200.25.27.118 - - [06/Aug/2024:16:51:35 +0000] "GET / HTTP/1.1" 200 6383 "-" "Mozilla/5.0 (compatible; PRTG Network Monitor (www.paessler.com); Windows)"
neutralbank.app:443 200.25.27.118 - - [06/Aug/2024:16:52:35 +0000] "GET / HTTP/1.1" 200 6383 "-" "Mozilla/5.0 (compatible; PRTG Network Monitor (www.paessler.com); Windows)"
neutralbank.app:443 200.25.27.118 - - [06/Aug/2024:16:53:35 +0000] "GET / HTTP/1.1" 200 6383 "-" "Mozilla/5.0 (compatible; PRTG Network Monitor (www.paessler.com); Windows)"
neutralbank.app:443 200.25.27.118 - - [06/Aug/2024:16:54:35 +0000] "GET / HTTP/1.1" 200 6383 "-" "Mozilla/5.0 (compatible; PRTG Network Monitor (www.paessler.com); Windows)"
neutralbank.app:443 200.25.27.118 - - [06/Aug/2024:16:55:35 +0000] "GET / HTTP/1.1" 200 6383 "-" "Mozilla/5.0 (compatible; PRTG Network Monitor (www.paessler.com); Windows)"
neutralbank.app:443 200.25.27.118 - - [06/Aug/2024:16:56:35 +0000] "GET / HTTP/1.1" 200 6383 "-" "Mozilla/5.0 (compatible; PRTG Network Monitor (www.paessler.com); Windows)"
neutralbank.app:443 200.25.27.118 - - [06/Aug/2024:16:57:38 +0000] "GET / HTTP/1.1" 200 6383 "-" "Mozilla/5.0 (compatible; PRTG Network Monitor (www.paessler.com); Windows)"
neutralbank.app:443 200.25.27.118 - - [06/Aug/2024:16:58:35 +0000] "GET / HTTP/1.1" 200 6383 "-" "Mozilla/5.0 (compatible; PRTG Network Monitor (www.paessler.com); Windows)"
neutralbank.app:80 167.71.201.139 - - [06/Aug/2024:16:58:42 +0000] "GET / HTTP/1.0" 400 947 "-" "-"
neutralbank.app:443 200.25.27.118 - - [06/Aug/2024:16:59:35 +0000] "GET / HTTP/1.1" 200 6383 "-" "Mozilla/5.0 (compatible; PRTG Network Monitor (www.paessler.com); Windows)"
neutralbank.app:443 200.25.27.118 - - [06/Aug/2024:17:00:35 +0000] "GET / HTTP/1.1" 200 6383 "-" "Mozilla/5.0 (compatible; PRTG Network Monitor (www.paessler.com); Windows)"
neutralbank.app:443 200.25.27.118 - - [06/Aug/2024:17:01:35 +0000] "GET / HTTP/1.1" 200 6383 "-" "Mozilla/5.0 (compatible; PRTG Network Monitor (www.paessler.com); Windows)"
neutralbank.app:443 200.25.27.118 - - [06/Aug/2024:17:02:35 +0000] "GET / HTTP/1.1" 200 6383 "-" "Mozilla/5.0 (compatible; PRTG Network Monitor (www.paessler.com); Windows)"
neutralbank.app:443 200.25.27.118 - - [06/Aug/2024:17:03:35 +0000] "GET / HTTP/1.1" 200 6383 "-" "Mozilla/5.0 (compatible; PRTG Network Monitor (www.paessler.com); Windows)"
neutralbank.app:443 200.25.27.118 - - [06/Aug/2024:17:04:35 +0000] "GET / HTTP/1.1" 200 6383 "-" "Mozilla/5.0 (compatible; PRTG Network Monitor (www.paessler.com); Windows)"
neutralbank.app:443 186.101.162.147 - - [06/Aug/2024:17:05:02 +0000] "GET /huella-referencia HTTP/1.1" 200 4761 "-" "Mozilla/5.0 (Macintosh; Intel Mac OS X 10_15_7) AppleWebKit/537.36 (KHTML, like Gecko) Chrome/127.0.0.0 Safari/537.36"
neutralbank.app:443 186.101.162.147 - - [06/Aug/2024:17:05:05 +0000] "GET /referencia-item HTTP/1.1" 200 2348 "-" "Mozilla/5.0 (Macintosh; Intel Mac OS X 10_15_7) AppleWebKit/537.36 (KHTML, like Gecko) Chrome/127.0.0.0 Safari/537.36"
neutralbank.app:443 186.101.162.147 - - [06/Aug/2024:17:05:08 +0000] "GET /organizacion HTTP/1.1" 200 2348 "-" "Mozilla/5.0 (Macintosh; Intel Mac OS X 10_15_7) AppleWebKit/537.36 (KHTML, like Gecko) Chrome/127.0.0.0 Safari/537.36"
neutralbank.app:443 186.101.162.147 - - [06/Aug/2024:17:05:11 +0000] "GET /registro-referencia HTTP/1.1" 200 2348 "-" "Mozilla/5.0 (Macintosh; Intel Mac OS X 10_15_7) AppleWebKit/537.36 (KHTML, like Gecko) Chrome/127.0.0.0 Safari/537.36"
neutralbank.app:443 186.101.162.147 - - [06/Aug/2024:17:05:15 +0000] "GET /profile HTTP/1.1" 200 2348 "-" "Mozilla/5.0 (Macintosh; Intel Mac OS X 10_15_7) AppleWebKit/537.36 (KHTML, like Gecko) Chrome/127.0.0.0 Safari/537.36"
neutralbank.app:443 186.101.162.147 - - [06/Aug/2024:17:05:18 +0000] "GET /dashboard HTTP/1.1" 200 2348 "-" "Mozilla/5.0 (Macintosh; Intel Mac OS X 10_15_7) AppleWebKit/537.36 (KHTML, like Gecko) Chrome/127.0.0.0 Safari/537.36"
neutralbank.app:443 186.101.162.147 - - [06/Aug/2024:17:05:21 +0000] "GET /soporte HTTP/1.1" 200 2348 "-" "Mozilla/5.0 (Macintosh; Intel Mac OS X 10_15_7) AppleWebKit/537.36 (KHTML, like Gecko) Chrome/127.0.0.0 Safari/537.36"
neutralbank.app:443 186.101.162.147 - - [06/Aug/2024:17:05:24 +0000] "GET / HTTP/1.1" 200 2348 "-" "Mozilla/5.0 (Macintosh; Intel Mac OS X 10_15_7) AppleWebKit/537.36 (KHTML, like Gecko) Chrome/127.0.0.0 Safari/537.36"
neutralbank.app:443 200.25.27.118 - - [06/Aug/2024:17:05:35 +0000] "GET / HTTP/1.1" 200 6383 "-" "Mozilla/5.0 (compatible; PRTG Network Monitor (www.paessler.com); Windows)"
neutralbank.app:443 200.25.27.118 - - [06/Aug/2024:17:06:35 +0000] "GET / HTTP/1.1" 200 6383 "-" "Mozilla/5.0 (compatible; PRTG Network Monitor (www.paessler.com); Windows)"
neutralbank.app:443 200.25.27.118 - - [06/Aug/2024:17:07:35 +0000] "GET / HTTP/1.1" 200 6383 "-" "Mozilla/5.0 (compatible; PRTG Network Monitor (www.paessler.com); Windows)"
neutralbank.app:443 200.25.27.118 - - [06/Aug/2024:17:08:35 +0000] "GET / HTTP/1.1" 200 6383 "-" "Mozilla/5.0 (compatible; PRTG Network Monitor (www.paessler.com); Windows)"
neutralbank.app:443 200.25.27.118 - - [06/Aug/2024:17:09:35 +0000] "GET / HTTP/1.1" 200 6383 "-" "Mozilla/5.0 (compatible; PRTG Network Monitor (www.paessler.com); Windows)"
neutralbank.app:443 200.25.27.118 - - [06/Aug/2024:17:10:35 +0000] "GET / HTTP/1.1" 200 6383 "-" "Mozilla/5.0 (compatible; PRTG Network Monitor (www.paessler.com); Windows)"
neutralbank.app:443 200.25.27.118 - - [06/Aug/2024:17:11:35 +0000] "GET / HTTP/1.1" 200 6383 "-" "Mozilla/5.0 (compatible; PRTG Network Monitor (www.paessler.com); Windows)"
neutralbank.app:443 200.25.27.118 - - [06/Aug/2024:17:12:35 +0000] "GET / HTTP/1.1" 200 6383 "-" "Mozilla/5.0 (compatible; PRTG Network Monitor (www.paessler.com); Windows)"
neutralbank.app:443 52.39.153.229 - - [06/Aug/2024:17:13:31 +0000] "GET /robots.txt HTTP/1.1" 200 4706 "-" "Mozilla/5.0 (X11; Linux x86_64) AppleWebKit/537.36 (KHTML, like Gecko) Chrome/119.0.0.0 Safari/537.36"
neutralbank.app:443 200.25.27.118 - - [06/Aug/2024:17:13:35 +0000] "GET / HTTP/1.1" 200 6383 "-" "Mozilla/5.0 (compatible; PRTG Network Monitor (www.paessler.com); Windows)"
neutralbank.app:443 5.161.202.246 - - [06/Aug/2024:17:13:39 +0000] "GET / HTTP/1.1" 200 4762 "-" "Mozilla/5.0 (Windows NT 10.0; Win64; x64) AppleWebKit/537.36 (KHTML, like Gecko) Chrome/84.0.4147.105 Safari/537.36"
neutralbank.app:443 200.25.27.118 - - [06/Aug/2024:17:14:35 +0000] "GET / HTTP/1.1" 200 6383 "-" "Mozilla/5.0 (compatible; PRTG Network Monitor (www.paessler.com); Windows)"
neutralbank.app:443 200.25.27.118 - - [06/Aug/2024:17:15:35 +0000] "GET / HTTP/1.1" 200 6383 "-" "Mozilla/5.0 (compatible; PRTG Network Monitor (www.paessler.com); Windows)"
neutralbank.app:443 200.25.27.118 - - [06/Aug/2024:17:16:35 +0000] "GET / HTTP/1.1" 200 6383 "-" "Mozilla/5.0 (compatible; PRTG Network Monitor (www.paessler.com); Windows)"
neutralbank.app:443 200.25.27.118 - - [06/Aug/2024:17:17:35 +0000] "GET / HTTP/1.1" 200 6383 "-" "Mozilla/5.0 (compatible; PRTG Network Monitor (www.paessler.com); Windows)"
neutralbank.app:443 200.25.27.118 - - [06/Aug/2024:17:18:35 +0000] "GET / HTTP/1.1" 200 6383 "-" "Mozilla/5.0 (compatible; PRTG Network Monitor (www.paessler.com); Windows)"
neutralbank.app:443 200.25.27.118 - - [06/Aug/2024:17:19:35 +0000] "GET / HTTP/1.1" 200 6383 "-" "Mozilla/5.0 (compatible; PRTG Network Monitor (www.paessler.com); Windows)"
neutralbank.app:443 200.25.27.118 - - [06/Aug/2024:17:20:35 +0000] "GET / HTTP/1.1" 200 6383 "-" "Mozilla/5.0 (compatible; PRTG Network Monitor (www.paessler.com); Windows)"
neutralbank.app:443 200.25.27.118 - - [06/Aug/2024:17:21:35 +0000] "GET / HTTP/1.1" 200 6383 "-" "Mozilla/5.0 (compatible; PRTG Network Monitor (www.paessler.com); Windows)"
neutralbank.app:443 138.84.59.151 - - [06/Aug/2024:17:22:20 +0000] "GET /logout HTTP/1.1" 200 4761 "https://www.neutralbank.app/registro-referencia" "Mozilla/5.0 (Macintosh; Intel Mac OS X 10_15_7) AppleWebKit/537.36 (KHTML, like Gecko) Chrome/125.0.0.0 Safari/537.36"
neutralbank.app:443 200.25.27.118 - - [06/Aug/2024:17:22:35 +0000] "GET / HTTP/1.1" 200 6383 "-" "Mozilla/5.0 (compatible; PRTG Network Monitor (www.paessler.com); Windows)"
neutralbank.app:443 200.25.27.118 - - [06/Aug/2024:17:23:35 +0000] "GET / HTTP/1.1" 200 6383 "-" "Mozilla/5.0 (compatible; PRTG Network Monitor (www.paessler.com); Windows)"
neutralbank.app:443 200.25.27.118 - - [06/Aug/2024:17:24:35 +0000] "GET / HTTP/1.1" 200 6383 "-" "Mozilla/5.0 (compatible; PRTG Network Monitor (www.paessler.com); Windows)"
neutralbank.app:443 200.25.27.118 - - [06/Aug/2024:17:25:35 +0000] "GET / HTTP/1.1" 200 6383 "-" "Mozilla/5.0 (compatible; PRTG Network Monitor (www.paessler.com); Windows)"
neutralbank.app:443 200.25.27.118 - - [06/Aug/2024:17:26:35 +0000] "GET / HTTP/1.1" 200 6383 "-" "Mozilla/5.0 (compatible; PRTG Network Monitor (www.paessler.com); Windows)"
neutralbank.app:443 200.25.27.118 - - [06/Aug/2024:17:27:35 +0000] "GET / HTTP/1.1" 200 6383 "-" "Mozilla/5.0 (compatible; PRTG Network Monitor (www.paessler.com); Windows)"
neutralbank.app:443 200.25.27.118 - - [06/Aug/2024:17:28:35 +0000] "GET / HTTP/1.1" 200 6383 "-" "Mozilla/5.0 (compatible; PRTG Network Monitor (www.paessler.com); Windows)"
neutralbank.app:443 200.25.27.118 - - [06/Aug/2024:17:29:35 +0000] "GET / HTTP/1.1" 200 6383 "-" "Mozilla/5.0 (compatible; PRTG Network Monitor (www.paessler.com); Windows)"
neutralbank.app:443 200.25.27.118 - - [06/Aug/2024:17:30:35 +0000] "GET / HTTP/1.1" 200 6383 "-" "Mozilla/5.0 (compatible; PRTG Network Monitor (www.paessler.com); Windows)"
neutralbank.app:443 200.25.27.118 - - [06/Aug/2024:17:31:35 +0000] "GET / HTTP/1.1" 200 6383 "-" "Mozilla/5.0 (compatible; PRTG Network Monitor (www.paessler.com); Windows)"
neutralbank.app:443 200.25.27.118 - - [06/Aug/2024:17:32:35 +0000] "GET / HTTP/1.1" 200 6383 "-" "Mozilla/5.0 (compatible; PRTG Network Monitor (www.paessler.com); Windows)"
neutralbank.app:443 200.25.27.118 - - [06/Aug/2024:17:33:35 +0000] "GET / HTTP/1.1" 200 6383 "-" "Mozilla/5.0 (compatible; PRTG Network Monitor (www.paessler.com); Windows)"
neutralbank.app:443 49.235.189.18 - - [06/Aug/2024:17:33:41 +0000] "GET / HTTP/1.1" 200 4709 "-" "Mozilla/5.0 (Linux; Android 10; LIO-AN00 Build/HUAWEILIO-AN00; wv) MicroMessenger Weixin QQ AppleWebKit/537.36 (KHTML, like Gecko) Version/4.0 Chrome/78.0.3904.62 XWEB/2692 MMWEBSDK/200901 Mobile Safari/537.36"
neutralbank.app:443 49.235.189.18 - - [06/Aug/2024:17:33:42 +0000] "GET / HTTP/1.1" 200 4709 "-" "Mozilla/5.0 (Linux; Android 10; LIO-AN00 Build/HUAWEILIO-AN00; wv) MicroMessenger Weixin QQ AppleWebKit/537.36 (KHTML, like Gecko) Version/4.0 Chrome/78.0.3904.62 XWEB/2692 MMWEBSDK/200901 Mobile Safari/537.36"
neutralbank.app:443 200.25.27.118 - - [06/Aug/2024:17:34:35 +0000] "GET / HTTP/1.1" 200 6383 "-" "Mozilla/5.0 (compatible; PRTG Network Monitor (www.paessler.com); Windows)"
neutralbank.app:443 200.25.27.118 - - [06/Aug/2024:17:35:35 +0000] "GET / HTTP/1.1" 200 6383 "-" "Mozilla/5.0 (compatible; PRTG Network Monitor (www.paessler.com); Windows)"
neutralbank.app:443 200.25.27.118 - - [06/Aug/2024:17:36:35 +0000] "GET / HTTP/1.1" 200 6383 "-" "Mozilla/5.0 (compatible; PRTG Network Monitor (www.paessler.com); Windows)"
neutralbank.app:443 200.25.27.118 - - [06/Aug/2024:17:37:35 +0000] "GET / HTTP/1.1" 200 6383 "-" "Mozilla/5.0 (compatible; PRTG Network Monitor (www.paessler.com); Windows)"
neutralbank.app:443 200.25.27.118 - - [06/Aug/2024:17:38:35 +0000] "GET / HTTP/1.1" 200 6383 "-" "Mozilla/5.0 (compatible; PRTG Network Monitor (www.paessler.com); Windows)"
neutralbank.app:443 200.25.27.118 - - [06/Aug/2024:17:39:35 +0000] "GET / HTTP/1.1" 200 6383 "-" "Mozilla/5.0 (compatible; PRTG Network Monitor (www.paessler.com); Windows)"
neutralbank.app:443 200.25.27.118 - - [06/Aug/2024:17:40:35 +0000] "GET / HTTP/1.1" 200 6383 "-" "Mozilla/5.0 (compatible; PRTG Network Monitor (www.paessler.com); Windows)"
neutralbank.app:443 200.25.27.118 - - [06/Aug/2024:17:41:35 +0000] "GET / HTTP/1.1" 200 6383 "-" "Mozilla/5.0 (compatible; PRTG Network Monitor (www.paessler.com); Windows)"
neutralbank.app:443 200.25.27.118 - - [06/Aug/2024:17:42:35 +0000] "GET / HTTP/1.1" 200 6383 "-" "Mozilla/5.0 (compatible; PRTG Network Monitor (www.paessler.com); Windows)"
neutralbank.app:443 200.25.27.118 - - [06/Aug/2024:17:43:35 +0000] "GET / HTTP/1.1" 200 6383 "-" "Mozilla/5.0 (compatible; PRTG Network Monitor (www.paessler.com); Windows)"
