neutralbank.app:443 170.81.34.160 - - [06/Aug/2024:15:20:17 +0000] "GET /api//api/v1/usuario/reporte/?token=b7e1af144a3dff426cc7d514b462e1404629442b HTTP/1.1" 200 143939 "https://www.neutralbank.app/userlist" "Mozilla/5.0 (Macintosh; Intel Mac OS X 10_15_7) AppleWebKit/537.36 (KHTML, like Gecko) Chrome/125.0.0.0 Safari/537.36"
neutralbank.app:443 200.25.27.118 - - [06/Aug/2024:15:21:35 +0000] "GET / HTTP/1.1" 200 6383 "-" "Mozilla/5.0 (compatible; PRTG Network Monitor (www.paessler.com); Windows)"
neutralbank.app:443 170.81.34.160 - - [06/Aug/2024:15:22:26 +0000] "GET /api/api/v1/catalogo/tipoproyecto/ HTTP/1.1" 200 2422 "https://www.neutralbank.app/dashboard" "Mozilla/5.0 (Macintosh; Intel Mac OS X 10_15_7) AppleWebKit/537.36 (KHTML, like Gecko) Chrome/125.0.0.0 Safari/537.36"
neutralbank.app:443 170.81.34.160 - - [06/Aug/2024:15:22:26 +0000] "GET /api/api/v1/catalogo/pais/ HTTP/1.1" 200 1474 "https://www.neutralbank.app/dashboard" "Mozilla/5.0 (Macintosh; Intel Mac OS X 10_15_7) AppleWebKit/537.36 (KHTML, like Gecko) Chrome/125.0.0.0 Safari/537.36"
neutralbank.app:443 170.81.34.160 - - [06/Aug/2024:15:22:27 +0000] "GET /api/api/v1/proyecto/proyecto/ HTTP/1.1" 200 6789 "https://www.neutralbank.app/dashboard" "Mozilla/5.0 (Macintosh; Intel Mac OS X 10_15_7) AppleWebKit/537.36 (KHTML, like Gecko) Chrome/125.0.0.0 Safari/537.36"
neutralbank.app:443 170.81.34.160 - - [06/Aug/2024:15:22:28 +0000] "GET /api/api/v1/catalogo/tipoproyecto/ HTTP/1.1" 200 2422 "https://www.neutralbank.app/registro-referencia" "Mozilla/5.0 (Macintosh; Intel Mac OS X 10_15_7) AppleWebKit/537.36 (KHTML, like Gecko) Chrome/125.0.0.0 Safari/537.36"
neutralbank.app:443 170.81.34.160 - - [06/Aug/2024:15:22:29 +0000] "GET /api/api/v1/catalogo/pais/ HTTP/1.1" 200 1474 "https://www.neutralbank.app/registro-referencia" "Mozilla/5.0 (Macintosh; Intel Mac OS X 10_15_7) AppleWebKit/537.36 (KHTML, like Gecko) Chrome/125.0.0.0 Safari/537.36"
neutralbank.app:443 170.81.34.160 - - [06/Aug/2024:15:22:29 +0000] "GET /api/api/v1/proyecto/proyecto/ HTTP/1.1" 200 6789 "https://www.neutralbank.app/registro-referencia" "Mozilla/5.0 (Macintosh; Intel Mac OS X 10_15_7) AppleWebKit/537.36 (KHTML, like Gecko) Chrome/125.0.0.0 Safari/537.36"
neutralbank.app:443 200.25.27.118 - - [06/Aug/2024:15:22:35 +0000] "GET / HTTP/1.1" 200 6383 "-" "Mozilla/5.0 (compatible; PRTG Network Monitor (www.paessler.com); Windows)"
neutralbank.app:443 200.25.27.118 - - [06/Aug/2024:15:23:35 +0000] "GET / HTTP/1.1" 200 6383 "-" "Mozilla/5.0 (compatible; PRTG Network Monitor (www.paessler.com); Windows)"
neutralbank.app:443 200.25.27.118 - - [06/Aug/2024:15:24:35 +0000] "GET / HTTP/1.1" 200 6383 "-" "Mozilla/5.0 (compatible; PRTG Network Monitor (www.paessler.com); Windows)"
neutralbank.app:443 200.25.27.118 - - [06/Aug/2024:15:25:35 +0000] "GET / HTTP/1.1" 200 6383 "-" "Mozilla/5.0 (compatible; PRTG Network Monitor (www.paessler.com); Windows)"
neutralbank.app:443 200.25.27.118 - - [06/Aug/2024:15:26:35 +0000] "GET / HTTP/1.1" 200 6383 "-" "Mozilla/5.0 (compatible; PRTG Network Monitor (www.paessler.com); Windows)"
neutralbank.app:443 200.25.27.118 - - [06/Aug/2024:15:27:35 +0000] "GET / HTTP/1.1" 200 6383 "-" "Mozilla/5.0 (compatible; PRTG Network Monitor (www.paessler.com); Windows)"
neutralbank.app:443 200.25.27.118 - - [06/Aug/2024:15:28:35 +0000] "GET / HTTP/1.1" 200 6383 "-" "Mozilla/5.0 (compatible; PRTG Network Monitor (www.paessler.com); Windows)"
neutralbank.app:443 200.25.27.118 - - [06/Aug/2024:15:29:35 +0000] "GET / HTTP/1.1" 200 6383 "-" "Mozilla/5.0 (compatible; PRTG Network Monitor (www.paessler.com); Windows)"
neutralbank.app:443 200.25.27.118 - - [06/Aug/2024:15:30:35 +0000] "GET / HTTP/1.1" 200 6383 "-" "Mozilla/5.0 (compatible; PRTG Network Monitor (www.paessler.com); Windows)"
neutralbank.app:443 200.25.27.118 - - [06/Aug/2024:15:31:35 +0000] "GET / HTTP/1.1" 200 6383 "-" "Mozilla/5.0 (compatible; PRTG Network Monitor (www.paessler.com); Windows)"
neutralbank.app:443 170.81.34.160 - - [06/Aug/2024:15:32:16 +0000] "GET /referencia-item HTTP/1.1" 200 4761 "https://www.neutralbank.app/soporte" "Mozilla/5.0 (Macintosh; Intel Mac OS X 10_15_7) AppleWebKit/537.36 (KHTML, like Gecko) Chrome/125.0.0.0 Safari/537.36"
neutralbank.app:443 170.81.34.160 - - [06/Aug/2024:15:32:16 +0000] "GET /api/api/v1/proyecto/proyecto_referencia/104/ HTTP/1.1" 200 7531 "https://www.neutralbank.app/referencia-item" "Mozilla/5.0 (Macintosh; Intel Mac OS X 10_15_7) AppleWebKit/537.36 (KHTML, like Gecko) Chrome/125.0.0.0 Safari/537.36"
neutralbank.app:443 170.81.34.160 - - [06/Aug/2024:15:32:16 +0000] "GET /api/api/v1/proyecto/proyecto_referencia/104/ HTTP/1.1" 200 5118 "https://www.neutralbank.app/referencia-item" "Mozilla/5.0 (Macintosh; Intel Mac OS X 10_15_7) AppleWebKit/537.36 (KHTML, like Gecko) Chrome/125.0.0.0 Safari/537.36"
neutralbank.app:443 170.81.34.160 - - [06/Aug/2024:15:32:30 +0000] "GET /api/api/v1/catalogo/tipoproyecto/ HTTP/1.1" 200 2422 "https://www.neutralbank.app/registro-referencia" "Mozilla/5.0 (Macintosh; Intel Mac OS X 10_15_7) AppleWebKit/537.36 (KHTML, like Gecko) Chrome/125.0.0.0 Safari/537.36"
neutralbank.app:443 170.81.34.160 - - [06/Aug/2024:15:32:30 +0000] "GET /api/api/v1/catalogo/pais/ HTTP/1.1" 200 1474 "https://www.neutralbank.app/registro-referencia" "Mozilla/5.0 (Macintosh; Intel Mac OS X 10_15_7) AppleWebKit/537.36 (KHTML, like Gecko) Chrome/125.0.0.0 Safari/537.36"
neutralbank.app:443 170.81.34.160 - - [06/Aug/2024:15:32:30 +0000] "GET /api/api/v1/proyecto/proyecto/ HTTP/1.1" 200 6789 "https://www.neutralbank.app/registro-referencia" "Mozilla/5.0 (Macintosh; Intel Mac OS X 10_15_7) AppleWebKit/537.36 (KHTML, like Gecko) Chrome/125.0.0.0 Safari/537.36"
neutralbank.app:443 200.25.27.118 - - [06/Aug/2024:15:32:35 +0000] "GET / HTTP/1.1" 200 6383 "-" "Mozilla/5.0 (compatible; PRTG Network Monitor (www.paessler.com); Windows)"
neutralbank.app:443 170.81.34.160 - - [06/Aug/2024:15:32:39 +0000] "GET /api/api/v1/proyecto/proyecto_referencia/104/ HTTP/1.1" 200 5442 "https://www.neutralbank.app/referencia-item" "Mozilla/5.0 (Macintosh; Intel Mac OS X 10_15_7) AppleWebKit/537.36 (KHTML, like Gecko) Chrome/125.0.0.0 Safari/537.36"
neutralbank.app:443 170.81.34.160 - - [06/Aug/2024:15:32:43 +0000] "GET /api/api/v1/huella/huellareferencia/?proyecto=104&token=b7e1af144a3dff426cc7d514b462e1404629442b HTTP/1.1" 200 2330 "https://www.neutralbank.app/huella-referencia" "Mozilla/5.0 (Macintosh; Intel Mac OS X 10_15_7) AppleWebKit/537.36 (KHTML, like Gecko) Chrome/125.0.0.0 Safari/537.36"
neutralbank.app:443 200.25.27.118 - - [06/Aug/2024:15:33:35 +0000] "GET / HTTP/1.1" 200 6383 "-" "Mozilla/5.0 (compatible; PRTG Network Monitor (www.paessler.com); Windows)"
neutralbank.app:443 200.25.27.118 - - [06/Aug/2024:15:34:35 +0000] "GET / HTTP/1.1" 200 6383 "-" "Mozilla/5.0 (compatible; PRTG Network Monitor (www.paessler.com); Windows)"
neutralbank.app:443 200.25.27.118 - - [06/Aug/2024:15:35:35 +0000] "GET / HTTP/1.1" 200 6383 "-" "Mozilla/5.0 (compatible; PRTG Network Monitor (www.paessler.com); Windows)"
neutralbank.app:443 200.25.27.118 - - [06/Aug/2024:15:36:35 +0000] "GET / HTTP/1.1" 200 6383 "-" "Mozilla/5.0 (compatible; PRTG Network Monitor (www.paessler.com); Windows)"
neutralbank.app:443 170.81.34.160 - - [06/Aug/2024:15:36:37 +0000] "GET /api/api/v1/catalogo/tipoproyecto/ HTTP/1.1" 200 2422 "https://www.neutralbank.app/registro-referencia" "Mozilla/5.0 (Macintosh; Intel Mac OS X 10_15_7) AppleWebKit/537.36 (KHTML, like Gecko) Chrome/125.0.0.0 Safari/537.36"
neutralbank.app:443 170.81.34.160 - - [06/Aug/2024:15:36:37 +0000] "GET /api/api/v1/catalogo/pais/ HTTP/1.1" 200 1474 "https://www.neutralbank.app/registro-referencia" "Mozilla/5.0 (Macintosh; Intel Mac OS X 10_15_7) AppleWebKit/537.36 (KHTML, like Gecko) Chrome/125.0.0.0 Safari/537.36"
neutralbank.app:443 170.81.34.160 - - [06/Aug/2024:15:36:37 +0000] "GET /api/api/v1/proyecto/proyecto/ HTTP/1.1" 200 6789 "https://www.neutralbank.app/registro-referencia" "Mozilla/5.0 (Macintosh; Intel Mac OS X 10_15_7) AppleWebKit/537.36 (KHTML, like Gecko) Chrome/125.0.0.0 Safari/537.36"
neutralbank.app:443 170.81.34.160 - - [06/Aug/2024:15:36:48 +0000] "GET /api/api/v1/proyecto/proyecto_referencia/103/ HTTP/1.1" 200 5465 "https://www.neutralbank.app/referencia-item" "Mozilla/5.0 (Macintosh; Intel Mac OS X 10_15_7) AppleWebKit/537.36 (KHTML, like Gecko) Chrome/125.0.0.0 Safari/537.36"
neutralbank.app:443 170.81.34.160 - - [06/Aug/2024:15:37:08 +0000] "-" 408 2412 "-" "-"
neutralbank.app:443 170.81.34.160 - - [06/Aug/2024:15:37:14 +0000] "GET /api/api/v1/huella/huellareferencia/?proyecto=103&token=b7e1af144a3dff426cc7d514b462e1404629442b HTTP/1.1" 200 1976 "https://www.neutralbank.app/huella-referencia" "Mozilla/5.0 (Macintosh; Intel Mac OS X 10_15_7) AppleWebKit/537.36 (KHTML, like Gecko) Chrome/125.0.0.0 Safari/537.36"
neutralbank.app:443 170.81.34.160 - - [06/Aug/2024:15:37:14 +0000] "GET /api/api/v1/catalogo/tipoproyecto/ HTTP/1.1" 200 2422 "https://www.neutralbank.app/registro-referencia" "Mozilla/5.0 (Macintosh; Intel Mac OS X 10_15_7) AppleWebKit/537.36 (KHTML, like Gecko) Chrome/125.0.0.0 Safari/537.36"
neutralbank.app:443 170.81.34.160 - - [06/Aug/2024:15:37:15 +0000] "GET /api/api/v1/catalogo/pais/ HTTP/1.1" 200 1474 "https://www.neutralbank.app/registro-referencia" "Mozilla/5.0 (Macintosh; Intel Mac OS X 10_15_7) AppleWebKit/537.36 (KHTML, like Gecko) Chrome/125.0.0.0 Safari/537.36"
neutralbank.app:443 170.81.34.160 - - [06/Aug/2024:15:37:16 +0000] "GET /api/api/v1/proyecto/proyecto/ HTTP/1.1" 200 6789 "https://www.neutralbank.app/registro-referencia" "Mozilla/5.0 (Macintosh; Intel Mac OS X 10_15_7) AppleWebKit/537.36 (KHTML, like Gecko) Chrome/125.0.0.0 Safari/537.36"
neutralbank.app:443 200.25.27.118 - - [06/Aug/2024:15:37:35 +0000] "GET / HTTP/1.1" 200 6383 "-" "Mozilla/5.0 (compatible; PRTG Network Monitor (www.paessler.com); Windows)"
neutralbank.app:443 170.81.34.160 - - [06/Aug/2024:15:37:46 +0000] "GET /api/api/v1/proyecto/proyecto_referencia/103/ HTTP/1.1" 200 5465 "https://www.neutralbank.app/referencia-item" "Mozilla/5.0 (Macintosh; Intel Mac OS X 10_15_7) AppleWebKit/537.36 (KHTML, like Gecko) Chrome/125.0.0.0 Safari/537.36"
neutralbank.app:443 170.81.34.160 - - [06/Aug/2024:15:37:49 +0000] "GET /api/api/v1/huella/huellareferencia/?proyecto=103&token=b7e1af144a3dff426cc7d514b462e1404629442b HTTP/1.1" 200 1652 "https://www.neutralbank.app/huella-referencia" "Mozilla/5.0 (Macintosh; Intel Mac OS X 10_15_7) AppleWebKit/537.36 (KHTML, like Gecko) Chrome/125.0.0.0 Safari/537.36"
neutralbank.app:443 200.25.27.118 - - [06/Aug/2024:15:38:35 +0000] "GET / HTTP/1.1" 200 6383 "-" "Mozilla/5.0 (compatible; PRTG Network Monitor (www.paessler.com); Windows)"
neutralbank.app:443 170.81.34.160 - - [06/Aug/2024:15:38:39 +0000] "GET /api/api/v1/catalogo/tipoproyecto/ HTTP/1.1" 200 2422 "https://www.neutralbank.app/registro-referencia" "Mozilla/5.0 (Macintosh; Intel Mac OS X 10_15_7) AppleWebKit/537.36 (KHTML, like Gecko) Chrome/125.0.0.0 Safari/537.36"
neutralbank.app:443 170.81.34.160 - - [06/Aug/2024:15:38:39 +0000] "GET /api/api/v1/catalogo/pais/ HTTP/1.1" 200 1474 "https://www.neutralbank.app/registro-referencia" "Mozilla/5.0 (Macintosh; Intel Mac OS X 10_15_7) AppleWebKit/537.36 (KHTML, like Gecko) Chrome/125.0.0.0 Safari/537.36"
neutralbank.app:443 170.81.34.160 - - [06/Aug/2024:15:38:39 +0000] "GET /api/api/v1/proyecto/proyecto/ HTTP/1.1" 200 6789 "https://www.neutralbank.app/registro-referencia" "Mozilla/5.0 (Macintosh; Intel Mac OS X 10_15_7) AppleWebKit/537.36 (KHTML, like Gecko) Chrome/125.0.0.0 Safari/537.36"
neutralbank.app:443 186.101.162.147 - - [06/Aug/2024:15:38:42 +0000] "GET / HTTP/1.1" 200 4761 "-" "Mozilla/5.0 (Macintosh; Intel Mac OS X 10_15_7) AppleWebKit/537.36 (KHTML, like Gecko) Chrome/127.0.0.0 Safari/537.36"
neutralbank.app:443 186.101.162.147 - - [06/Aug/2024:15:38:43 +0000] "GET /static/css/2.1881a404.chunk.css HTTP/1.1" 200 1386 "https://neutralbank.app/" "Mozilla/5.0 (Macintosh; Intel Mac OS X 10_15_7) AppleWebKit/537.36 (KHTML, like Gecko) Chrome/127.0.0.0 Safari/537.36"
neutralbank.app:443 186.101.162.147 - - [06/Aug/2024:15:38:43 +0000] "GET /static/css/main.97d93522.chunk.css HTTP/1.1" 200 5629 "https://neutralbank.app/" "Mozilla/5.0 (Macintosh; Intel Mac OS X 10_15_7) AppleWebKit/537.36 (KHTML, like Gecko) Chrome/127.0.0.0 Safari/537.36"
neutralbank.app:443 186.101.162.147 - - [06/Aug/2024:15:38:43 +0000] "GET /static/js/main.7666217c.chunk.js HTTP/1.1" 200 66029 "https://neutralbank.app/" "Mozilla/5.0 (Macintosh; Intel Mac OS X 10_15_7) AppleWebKit/537.36 (KHTML, like Gecko) Chrome/127.0.0.0 Safari/537.36"
neutralbank.app:443 186.101.162.147 - - [06/Aug/2024:15:38:43 +0000] "GET /static/js/2.4634e1c0.chunk.js HTTP/1.1" 200 730299 "https://neutralbank.app/" "Mozilla/5.0 (Macintosh; Intel Mac OS X 10_15_7) AppleWebKit/537.36 (KHTML, like Gecko) Chrome/127.0.0.0 Safari/537.36"
neutralbank.app:443 186.101.162.147 - - [06/Aug/2024:15:38:44 +0000] "GET /static/media/bcie_logo.39cad48f.png HTTP/1.1" 200 63658 "https://neutralbank.app/" "Mozilla/5.0 (Macintosh; Intel Mac OS X 10_15_7) AppleWebKit/537.36 (KHTML, like Gecko) Chrome/127.0.0.0 Safari/537.36"
neutralbank.app:443 186.101.162.147 - - [06/Aug/2024:15:38:44 +0000] "GET /static/media/Gazpacho-Black.7a49447b.woff2 HTTP/1.1" 200 30608 "https://neutralbank.app/static/css/main.97d93522.chunk.css" "Mozilla/5.0 (Macintosh; Intel Mac OS X 10_15_7) AppleWebKit/537.36 (KHTML, like Gecko) Chrome/127.0.0.0 Safari/537.36"
neutralbank.app:443 186.101.162.147 - - [06/Aug/2024:15:38:44 +0000] "GET /favicon.svg HTTP/1.1" 200 36083 "https://neutralbank.app/" "Mozilla/5.0 (Macintosh; Intel Mac OS X 10_15_7) AppleWebKit/537.36 (KHTML, like Gecko) Chrome/127.0.0.0 Safari/537.36"
neutralbank.app:443 186.101.162.147 - - [06/Aug/2024:15:38:44 +0000] "GET /manifest.json HTTP/1.1" 200 3522 "https://neutralbank.app/" "Mozilla/5.0 (Macintosh; Intel Mac OS X 10_15_7) AppleWebKit/537.36 (KHTML, like Gecko) Chrome/127.0.0.0 Safari/537.36"
neutralbank.app:443 170.81.34.160 - - [06/Aug/2024:15:38:48 +0000] "GET /api/api/v1/proyecto/proyecto_referencia/97/ HTTP/1.1" 200 6858 "https://www.neutralbank.app/referencia-item" "Mozilla/5.0 (Macintosh; Intel Mac OS X 10_15_7) AppleWebKit/537.36 (KHTML, like Gecko) Chrome/125.0.0.0 Safari/537.36"
neutralbank.app:443 186.101.162.147 - - [06/Aug/2024:15:38:50 +0000] "GET /soporte HTTP/1.1" 200 2672 "-" "Mozilla/5.0 (Macintosh; Intel Mac OS X 10_15_7) AppleWebKit/537.36 (KHTML, like Gecko) Chrome/127.0.0.0 Safari/537.36"
neutralbank.app:443 186.101.162.147 - - [06/Aug/2024:15:38:56 +0000] "OPTIONS /api/login/ HTTP/1.1" 200 3565 "-" "Mozilla/5.0 (Macintosh; Intel Mac OS X 10_15_7) AppleWebKit/537.36 (KHTML, like Gecko) Chrome/127.0.0.0 Safari/537.36"
neutralbank.app:443 186.101.162.147 - - [06/Aug/2024:15:38:56 +0000] "POST /api/login/ HTTP/1.1" 201 1040 "-" "Mozilla/5.0 (Macintosh; Intel Mac OS X 10_15_7) AppleWebKit/537.36 (KHTML, like Gecko) Chrome/127.0.0.0 Safari/537.36"
neutralbank.app:443 186.101.162.147 - - [06/Aug/2024:15:38:58 +0000] "GET /dashboard HTTP/1.1" 200 2672 "https://neutralbank.app/soporte" "Mozilla/5.0 (Macintosh; Intel Mac OS X 10_15_7) AppleWebKit/537.36 (KHTML, like Gecko) Chrome/127.0.0.0 Safari/537.36"
neutralbank.app:443 170.81.34.160 - - [06/Aug/2024:15:38:58 +0000] "GET /api/api/v1/huella/huellareferencia/?proyecto=97&token=b7e1af144a3dff426cc7d514b462e1404629442b HTTP/1.1" 200 2179 "https://www.neutralbank.app/huella-referencia" "Mozilla/5.0 (Macintosh; Intel Mac OS X 10_15_7) AppleWebKit/537.36 (KHTML, like Gecko) Chrome/125.0.0.0 Safari/537.36"
neutralbank.app:443 186.101.162.147 - - [06/Aug/2024:15:38:59 +0000] "GET /static/media/AguasResidualesOff.9053e908.png HTTP/1.1" 200 19109 "https://neutralbank.app/dashboard" "Mozilla/5.0 (Macintosh; Intel Mac OS X 10_15_7) AppleWebKit/537.36 (KHTML, like Gecko) Chrome/127.0.0.0 Safari/537.36"
neutralbank.app:443 186.101.162.147 - - [06/Aug/2024:15:38:59 +0000] "OPTIONS /api/api/v1/catalogo/tipoproyecto/ HTTP/1.1" 200 1152 "-" "Mozilla/5.0 (Macintosh; Intel Mac OS X 10_15_7) AppleWebKit/537.36 (KHTML, like Gecko) Chrome/127.0.0.0 Safari/537.36"
neutralbank.app:443 186.101.162.147 - - [06/Aug/2024:15:38:59 +0000] "GET /static/media/dashOn.0b1cd4e0.png HTTP/1.1" 200 12697 "https://neutralbank.app/dashboard" "Mozilla/5.0 (Macintosh; Intel Mac OS X 10_15_7) AppleWebKit/537.36 (KHTML, like Gecko) Chrome/127.0.0.0 Safari/537.36"
neutralbank.app:443 186.101.162.147 - - [06/Aug/2024:15:38:59 +0000] "GET /api/api/v1/catalogo/tipoproyecto/ HTTP/1.1" 200 2192 "-" "Mozilla/5.0 (Macintosh; Intel Mac OS X 10_15_7) AppleWebKit/537.36 (KHTML, like Gecko) Chrome/127.0.0.0 Safari/537.36"
neutralbank.app:443 186.101.162.147 - - [06/Aug/2024:15:38:59 +0000] "GET /static/media/UsoOff.2f8d43c1.png HTTP/1.1" 200 19678 "https://neutralbank.app/dashboard" "Mozilla/5.0 (Macintosh; Intel Mac OS X 10_15_7) AppleWebKit/537.36 (KHTML, like Gecko) Chrome/127.0.0.0 Safari/537.36"
neutralbank.app:443 186.101.162.147 - - [06/Aug/2024:15:38:59 +0000] "GET /static/media/usuario.976e19a7.png HTTP/1.1" 200 17791 "https://neutralbank.app/dashboard" "Mozilla/5.0 (Macintosh; Intel Mac OS X 10_15_7) AppleWebKit/537.36 (KHTML, like Gecko) Chrome/127.0.0.0 Safari/537.36"
neutralbank.app:443 186.101.162.147 - - [06/Aug/2024:15:38:59 +0000] "GET /static/media/TransporteMercanciasOff.5bbfb9dd.png HTTP/1.1" 200 23789 "https://neutralbank.app/dashboard" "Mozilla/5.0 (Macintosh; Intel Mac OS X 10_15_7) AppleWebKit/537.36 (KHTML, like Gecko) Chrome/127.0.0.0 Safari/537.36"
neutralbank.app:443 186.101.162.147 - - [06/Aug/2024:15:38:59 +0000] "GET /static/media/TransportePasajerosOff.40d4e702.png HTTP/1.1" 200 27237 "https://neutralbank.app/dashboard" "Mozilla/5.0 (Macintosh; Intel Mac OS X 10_15_7) AppleWebKit/537.36 (KHTML, like Gecko) Chrome/127.0.0.0 Safari/537.36"
neutralbank.app:443 186.101.162.147 - - [06/Aug/2024:15:38:59 +0000] "GET /static/media/UsoSueloOff.9a8324f0.png HTTP/1.1" 200 21222 "https://neutralbank.app/dashboard" "Mozilla/5.0 (Macintosh; Intel Mac OS X 10_15_7) AppleWebKit/537.36 (KHTML, like Gecko) Chrome/127.0.0.0 Safari/537.36"
neutralbank.app:443 186.101.162.147 - - [06/Aug/2024:15:38:59 +0000] "GET /api/api/v1/catalogo/pais/ HTTP/1.1" 200 1568 "-" "Mozilla/5.0 (Macintosh; Intel Mac OS X 10_15_7) AppleWebKit/537.36 (KHTML, like Gecko) Chrome/127.0.0.0 Safari/537.36"
neutralbank.app:443 186.101.162.147 - - [06/Aug/2024:15:38:59 +0000] "GET /static/media/ResiduosSolidosOff.a1ee7e1e.png HTTP/1.1" 200 26608 "https://neutralbank.app/dashboard" "Mozilla/5.0 (Macintosh; Intel Mac OS X 10_15_7) AppleWebKit/537.36 (KHTML, like Gecko) Chrome/127.0.0.0 Safari/537.36"
neutralbank.app:443 186.101.162.147 - - [06/Aug/2024:15:38:59 +0000] "GET /static/media/admin.8243cc48.png HTTP/1.1" 200 13769 "https://neutralbank.app/dashboard" "Mozilla/5.0 (Macintosh; Intel Mac OS X 10_15_7) AppleWebKit/537.36 (KHTML, like Gecko) Chrome/127.0.0.0 Safari/537.36"
neutralbank.app:443 186.101.162.147 - - [06/Aug/2024:15:38:59 +0000] "GET /static/media/neutral_logo_blanco.145dfeaa.png HTTP/1.1" 200 13912 "https://neutralbank.app/dashboard" "Mozilla/5.0 (Macintosh; Intel Mac OS X 10_15_7) AppleWebKit/537.36 (KHTML, like Gecko) Chrome/127.0.0.0 Safari/537.36"
neutralbank.app:443 186.101.162.147 - - [06/Aug/2024:15:38:59 +0000] "OPTIONS /api/api/v1/proyecto/proyecto/ HTTP/1.1" 200 1152 "-" "Mozilla/5.0 (Macintosh; Intel Mac OS X 10_15_7) AppleWebKit/537.36 (KHTML, like Gecko) Chrome/127.0.0.0 Safari/537.36"
neutralbank.app:443 186.101.162.147 - - [06/Aug/2024:15:38:59 +0000] "GET /static/media/ConstruccionOff.30fc307f.png HTTP/1.1" 200 24999 "https://neutralbank.app/dashboard" "Mozilla/5.0 (Macintosh; Intel Mac OS X 10_15_7) AppleWebKit/537.36 (KHTML, like Gecko) Chrome/127.0.0.0 Safari/537.36"
neutralbank.app:443 186.101.162.147 - - [06/Aug/2024:15:38:59 +0000] "GET /static/media/EmisionesProcesosOff.6f5df37d.png HTTP/1.1" 200 18834 "https://neutralbank.app/dashboard" "Mozilla/5.0 (Macintosh; Intel Mac OS X 10_15_7) AppleWebKit/537.36 (KHTML, like Gecko) Chrome/127.0.0.0 Safari/537.36"
neutralbank.app:443 186.101.162.147 - - [06/Aug/2024:15:38:59 +0000] "GET /static/media/EnergiaOff.ba1ba2a9.png HTTP/1.1" 200 15348 "https://neutralbank.app/dashboard" "Mozilla/5.0 (Macintosh; Intel Mac OS X 10_15_7) AppleWebKit/537.36 (KHTML, like Gecko) Chrome/127.0.0.0 Safari/537.36"
neutralbank.app:443 186.101.162.147 - - [06/Aug/2024:15:38:59 +0000] "GET /static/media/EntradaBienesServiciosOff.4b1fa028.png HTTP/1.1" 200 19025 "https://neutralbank.app/dashboard" "Mozilla/5.0 (Macintosh; Intel Mac OS X 10_15_7) AppleWebKit/537.36 (KHTML, like Gecko) Chrome/127.0.0.0 Safari/537.36"
neutralbank.app:443 186.101.162.147 - - [06/Aug/2024:15:38:59 +0000] "GET /static/media/FinVidaOff.3c12391d.png HTTP/1.1" 200 29905 "https://neutralbank.app/dashboard" "Mozilla/5.0 (Macintosh; Intel Mac OS X 10_15_7) AppleWebKit/537.36 (KHTML, like Gecko) Chrome/127.0.0.0 Safari/537.36"
neutralbank.app:443 186.101.162.147 - - [06/Aug/2024:15:38:59 +0000] "GET /api/api/v1/proyecto/proyecto/ HTTP/1.1" 200 6883 "-" "Mozilla/5.0 (Macintosh; Intel Mac OS X 10_15_7) AppleWebKit/537.36 (KHTML, like Gecko) Chrome/127.0.0.0 Safari/537.36"
neutralbank.app:443 186.101.162.147 - - [06/Aug/2024:15:39:02 +0000] "GET /static/media/dash.e808b380.png HTTP/1.1" 200 12276 "https://neutralbank.app/profile" "Mozilla/5.0 (Macintosh; Intel Mac OS X 10_15_7) AppleWebKit/537.36 (KHTML, like Gecko) Chrome/127.0.0.0 Safari/537.36"
neutralbank.app:443 186.101.162.147 - - [06/Aug/2024:15:39:02 +0000] "GET /static/media/usuarioOn.c04c0378.png HTTP/1.1" 200 17898 "https://neutralbank.app/profile" "Mozilla/5.0 (Macintosh; Intel Mac OS X 10_15_7) AppleWebKit/537.36 (KHTML, like Gecko) Chrome/127.0.0.0 Safari/537.36"
neutralbank.app:443 186.101.162.147 - - [06/Aug/2024:15:39:02 +0000] "OPTIONS /api/api/v1/usuario/tipo_usuario/ HTTP/1.1" 200 1202 "-" "Mozilla/5.0 (Macintosh; Intel Mac OS X 10_15_7) AppleWebKit/537.36 (KHTML, like Gecko) Chrome/127.0.0.0 Safari/537.36"
neutralbank.app:443 186.101.162.147 - - [06/Aug/2024:15:39:02 +0000] "GET /api/api/v1/usuario/tipo_usuario/ HTTP/1.1" 200 1023 "-" "Mozilla/5.0 (Macintosh; Intel Mac OS X 10_15_7) AppleWebKit/537.36 (KHTML, like Gecko) Chrome/127.0.0.0 Safari/537.36"
neutralbank.app:443 186.101.162.147 - - [06/Aug/2024:15:39:03 +0000] "OPTIONS /api/api/v1/usuario/user/1 HTTP/1.1" 200 1152 "-" "Mozilla/5.0 (Macintosh; Intel Mac OS X 10_15_7) AppleWebKit/537.36 (KHTML, like Gecko) Chrome/127.0.0.0 Safari/537.36"
neutralbank.app:443 186.101.162.147 - - [06/Aug/2024:15:39:03 +0000] "GET /api/api/v1/usuario/user/1 HTTP/1.1" 301 904 "-" "Mozilla/5.0 (Macintosh; Intel Mac OS X 10_15_7) AppleWebKit/537.36 (KHTML, like Gecko) Chrome/127.0.0.0 Safari/537.36"
neutralbank.app:443 186.101.162.147 - - [06/Aug/2024:15:39:03 +0000] "OPTIONS /api/api/v1/usuario/user/1/ HTTP/1.1" 200 1152 "-" "Mozilla/5.0 (Macintosh; Intel Mac OS X 10_15_7) AppleWebKit/537.36 (KHTML, like Gecko) Chrome/127.0.0.0 Safari/537.36"
neutralbank.app:443 186.101.162.147 - - [06/Aug/2024:15:39:03 +0000] "GET /api/api/v1/usuario/user/1/ HTTP/1.1" 200 2768 "-" "Mozilla/5.0 (Macintosh; Intel Mac OS X 10_15_7) AppleWebKit/537.36 (KHTML, like Gecko) Chrome/127.0.0.0 Safari/537.36"
neutralbank.app:443 186.101.162.147 - - [06/Aug/2024:15:39:05 +0000] "GET /api/api/v1/catalogo/tipoproyecto/ HTTP/1.1" 200 2192 "-" "Mozilla/5.0 (Macintosh; Intel Mac OS X 10_15_7) AppleWebKit/537.36 (KHTML, like Gecko) Chrome/127.0.0.0 Safari/537.36"
neutralbank.app:443 186.101.162.147 - - [06/Aug/2024:15:39:05 +0000] "-" 408 2412 "-" "-"
neutralbank.app:443 186.101.162.147 - - [06/Aug/2024:15:39:05 +0000] "GET /api/api/v1/catalogo/pais/ HTTP/1.1" 200 1568 "-" "Mozilla/5.0 (Macintosh; Intel Mac OS X 10_15_7) AppleWebKit/537.36 (KHTML, like Gecko) Chrome/127.0.0.0 Safari/537.36"
neutralbank.app:443 186.101.162.147 - - [06/Aug/2024:15:39:05 +0000] "GET /api/api/v1/proyecto/proyecto/ HTTP/1.1" 200 6883 "-" "Mozilla/5.0 (Macintosh; Intel Mac OS X 10_15_7) AppleWebKit/537.36 (KHTML, like Gecko) Chrome/127.0.0.0 Safari/537.36"
neutralbank.app:443 186.101.162.147 - - [06/Aug/2024:15:39:06 +0000] "GET /static/media/buscar.e930985b.svg HTTP/1.1" 200 40353 "https://neutralbank.app/registro-referencia" "Mozilla/5.0 (Macintosh; Intel Mac OS X 10_15_7) AppleWebKit/537.36 (KHTML, like Gecko) Chrome/127.0.0.0 Safari/537.36"
neutralbank.app:443 186.101.162.147 - - [06/Aug/2024:15:39:06 +0000] "GET /api/api/v1/catalogo/tipoproyecto/ HTTP/1.1" 200 2192 "-" "Mozilla/5.0 (Macintosh; Intel Mac OS X 10_15_7) AppleWebKit/537.36 (KHTML, like Gecko) Chrome/127.0.0.0 Safari/537.36"
neutralbank.app:443 186.101.162.147 - - [06/Aug/2024:15:39:06 +0000] "GET /api/api/v1/catalogo/pais/ HTTP/1.1" 200 1568 "-" "Mozilla/5.0 (Macintosh; Intel Mac OS X 10_15_7) AppleWebKit/537.36 (KHTML, like Gecko) Chrome/127.0.0.0 Safari/537.36"
neutralbank.app:443 186.101.162.147 - - [06/Aug/2024:15:39:06 +0000] "GET /api/api/v1/proyecto/proyecto/ HTTP/1.1" 200 6883 "-" "Mozilla/5.0 (Macintosh; Intel Mac OS X 10_15_7) AppleWebKit/537.36 (KHTML, like Gecko) Chrome/127.0.0.0 Safari/537.36"
neutralbank.app:443 186.101.162.147 - - [06/Aug/2024:15:39:07 +0000] "GET /static/media/adminOn.6498cef0.png HTTP/1.1" 200 13512 "https://neutralbank.app/organizacion" "Mozilla/5.0 (Macintosh; Intel Mac OS X 10_15_7) AppleWebKit/537.36 (KHTML, like Gecko) Chrome/127.0.0.0 Safari/537.36"
neutralbank.app:443 186.101.162.147 - - [06/Aug/2024:15:39:07 +0000] "GET /api/api/v1/catalogo/tipobanca/ HTTP/1.1" 200 998 "-" "Mozilla/5.0 (Macintosh; Intel Mac OS X 10_15_7) AppleWebKit/537.36 (KHTML, like Gecko) Chrome/127.0.0.0 Safari/537.36"
neutralbank.app:443 186.101.162.147 - - [06/Aug/2024:15:39:07 +0000] "OPTIONS /api/api/v1/company/1/ HTTP/1.1" 200 1152 "-" "Mozilla/5.0 (Macintosh; Intel Mac OS X 10_15_7) AppleWebKit/537.36 (KHTML, like Gecko) Chrome/127.0.0.0 Safari/537.36"
neutralbank.app:443 186.101.162.147 - - [06/Aug/2024:15:39:07 +0000] "GET /api/api/v1/company/1/ HTTP/1.1" 200 3854 "-" "Mozilla/5.0 (Macintosh; Intel Mac OS X 10_15_7) AppleWebKit/537.36 (KHTML, like Gecko) Chrome/127.0.0.0 Safari/537.36"
neutralbank.app:443 186.101.162.147 - - [06/Aug/2024:15:39:08 +0000] "GET /api/api/v1/catalogo/tipoproyecto/ HTTP/1.1" 200 2192 "-" "Mozilla/5.0 (Macintosh; Intel Mac OS X 10_15_7) AppleWebKit/537.36 (KHTML, like Gecko) Chrome/127.0.0.0 Safari/537.36"
neutralbank.app:443 186.101.162.147 - - [06/Aug/2024:15:39:08 +0000] "GET /api/api/v1/catalogo/pais/ HTTP/1.1" 200 1568 "-" "Mozilla/5.0 (Macintosh; Intel Mac OS X 10_15_7) AppleWebKit/537.36 (KHTML, like Gecko) Chrome/127.0.0.0 Safari/537.36"
neutralbank.app:443 186.101.162.147 - - [06/Aug/2024:15:39:09 +0000] "GET /api/api/v1/proyecto/proyecto/ HTTP/1.1" 200 6883 "-" "Mozilla/5.0 (Macintosh; Intel Mac OS X 10_15_7) AppleWebKit/537.36 (KHTML, like Gecko) Chrome/127.0.0.0 Safari/537.36"
neutralbank.app:443 186.101.162.147 - - [06/Aug/2024:15:39:25 +0000] "OPTIONS /api/api/v1/proyecto/proyecto_referencia/58/ HTTP/1.1" 200 1476 "-" "Mozilla/5.0 (Macintosh; Intel Mac OS X 10_15_7) AppleWebKit/537.36 (KHTML, like Gecko) Chrome/127.0.0.0 Safari/537.36"
neutralbank.app:443 186.101.162.147 - - [06/Aug/2024:15:39:25 +0000] "GET /api/api/v1/proyecto/proyecto_referencia/58/ HTTP/1.1" 200 5858 "-" "Mozilla/5.0 (Macintosh; Intel Mac OS X 10_15_7) AppleWebKit/537.36 (KHTML, like Gecko) Chrome/127.0.0.0 Safari/537.36"
neutralbank.app:443 186.101.162.147 - - [06/Aug/2024:15:39:27 +0000] "OPTIONS /api/api/v1/huella/huellareferencia/?proyecto=58&token=b7e1af144a3dff426cc7d514b462e1404629442b HTTP/1.1" 200 1152 "-" "Mozilla/5.0 (Macintosh; Intel Mac OS X 10_15_7) AppleWebKit/537.36 (KHTML, like Gecko) Chrome/127.0.0.0 Safari/537.36"
neutralbank.app:443 186.101.162.147 - - [06/Aug/2024:15:39:27 +0000] "GET /api/api/v1/huella/huellareferencia/?proyecto=58&token=b7e1af144a3dff426cc7d514b462e1404629442b HTTP/1.1" 200 2202 "-" "Mozilla/5.0 (Macintosh; Intel Mac OS X 10_15_7) AppleWebKit/537.36 (KHTML, like Gecko) Chrome/127.0.0.0 Safari/537.36"
neutralbank.app:443 170.81.34.160 - - [06/Aug/2024:15:39:34 +0000] "GET /api/api/v1/catalogo/tipoproyecto/ HTTP/1.1" 200 2422 "https://www.neutralbank.app/registro-referencia" "Mozilla/5.0 (Macintosh; Intel Mac OS X 10_15_7) AppleWebKit/537.36 (KHTML, like Gecko) Chrome/125.0.0.0 Safari/537.36"
neutralbank.app:443 170.81.34.160 - - [06/Aug/2024:15:39:34 +0000] "GET /api/api/v1/catalogo/pais/ HTTP/1.1" 200 1474 "https://www.neutralbank.app/registro-referencia" "Mozilla/5.0 (Macintosh; Intel Mac OS X 10_15_7) AppleWebKit/537.36 (KHTML, like Gecko) Chrome/125.0.0.0 Safari/537.36"
neutralbank.app:443 170.81.34.160 - - [06/Aug/2024:15:39:34 +0000] "GET /api/api/v1/proyecto/proyecto/ HTTP/1.1" 200 6789 "https://www.neutralbank.app/registro-referencia" "Mozilla/5.0 (Macintosh; Intel Mac OS X 10_15_7) AppleWebKit/537.36 (KHTML, like Gecko) Chrome/125.0.0.0 Safari/537.36"
neutralbank.app:443 200.25.27.118 - - [06/Aug/2024:15:39:35 +0000] "GET / HTTP/1.1" 200 6383 "-" "Mozilla/5.0 (compatible; PRTG Network Monitor (www.paessler.com); Windows)"
neutralbank.app:443 170.81.34.160 - - [06/Aug/2024:15:39:39 +0000] "GET /api/api/v1/proyecto/proyecto_referencia/96/ HTTP/1.1" 200 5265 "https://www.neutralbank.app/referencia-item" "Mozilla/5.0 (Macintosh; Intel Mac OS X 10_15_7) AppleWebKit/537.36 (KHTML, like Gecko) Chrome/125.0.0.0 Safari/537.36"
neutralbank.app:443 170.81.34.160 - - [06/Aug/2024:15:39:41 +0000] "GET /api/api/v1/huella/huellareferencia/?proyecto=96&token=b7e1af144a3dff426cc7d514b462e1404629442b HTTP/1.1" 200 2231 "https://www.neutralbank.app/huella-referencia" "Mozilla/5.0 (Macintosh; Intel Mac OS X 10_15_7) AppleWebKit/537.36 (KHTML, like Gecko) Chrome/125.0.0.0 Safari/537.36"
neutralbank.app:443 170.81.34.160 - - [06/Aug/2024:15:40:20 +0000] "GET /api/api/v1/catalogo/tipoproyecto/ HTTP/1.1" 200 2422 "https://www.neutralbank.app/registro-referencia" "Mozilla/5.0 (Macintosh; Intel Mac OS X 10_15_7) AppleWebKit/537.36 (KHTML, like Gecko) Chrome/125.0.0.0 Safari/537.36"
neutralbank.app:443 170.81.34.160 - - [06/Aug/2024:15:40:20 +0000] "GET /api/api/v1/catalogo/pais/ HTTP/1.1" 200 1474 "https://www.neutralbank.app/registro-referencia" "Mozilla/5.0 (Macintosh; Intel Mac OS X 10_15_7) AppleWebKit/537.36 (KHTML, like Gecko) Chrome/125.0.0.0 Safari/537.36"
neutralbank.app:443 170.81.34.160 - - [06/Aug/2024:15:40:21 +0000] "GET /api/api/v1/proyecto/proyecto/ HTTP/1.1" 200 6789 "https://www.neutralbank.app/registro-referencia" "Mozilla/5.0 (Macintosh; Intel Mac OS X 10_15_7) AppleWebKit/537.36 (KHTML, like Gecko) Chrome/125.0.0.0 Safari/537.36"
neutralbank.app:443 200.25.27.118 - - [06/Aug/2024:15:40:35 +0000] "GET / HTTP/1.1" 200 6383 "-" "Mozilla/5.0 (compatible; PRTG Network Monitor (www.paessler.com); Windows)"
neutralbank.app:443 170.81.34.160 - - [06/Aug/2024:15:40:40 +0000] "-" 408 323 "-" "-"
neutralbank.app:443 170.81.34.160 - - [06/Aug/2024:15:40:45 +0000] "GET /api/api/v1/proyecto/proyecto_referencia/77/ HTTP/1.1" 200 5779 "https://www.neutralbank.app/referencia-item" "Mozilla/5.0 (Macintosh; Intel Mac OS X 10_15_7) AppleWebKit/537.36 (KHTML, like Gecko) Chrome/125.0.0.0 Safari/537.36"
neutralbank.app:443 200.25.27.118 - - [06/Aug/2024:15:41:35 +0000] "GET / HTTP/1.1" 200 6383 "-" "Mozilla/5.0 (compatible; PRTG Network Monitor (www.paessler.com); Windows)"
neutralbank.app:443 170.81.34.160 - - [06/Aug/2024:15:41:38 +0000] "GET /registro-referencia HTTP/1.1" 200 2672 "https://www.neutralbank.app/soporte" "Mozilla/5.0 (Macintosh; Intel Mac OS X 10_15_7) AppleWebKit/537.36 (KHTML, like Gecko) Chrome/125.0.0.0 Safari/537.36"
neutralbank.app:443 170.81.34.160 - - [06/Aug/2024:15:41:38 +0000] "GET /api/api/v1/huella/huellareferencia/?proyecto=77&token=b7e1af144a3dff426cc7d514b462e1404629442b HTTP/1.1" 200 2255 "https://www.neutralbank.app/huella-referencia" "Mozilla/5.0 (Macintosh; Intel Mac OS X 10_15_7) AppleWebKit/537.36 (KHTML, like Gecko) Chrome/125.0.0.0 Safari/537.36"
neutralbank.app:443 170.81.34.160 - - [06/Aug/2024:15:41:38 +0000] "GET /api/api/v1/catalogo/tipoproyecto/ HTTP/1.1" 200 4511 "https://www.neutralbank.app/registro-referencia" "Mozilla/5.0 (Macintosh; Intel Mac OS X 10_15_7) AppleWebKit/537.36 (KHTML, like Gecko) Chrome/125.0.0.0 Safari/537.36"
neutralbank.app:443 170.81.34.160 - - [06/Aug/2024:15:41:39 +0000] "GET /api/api/v1/catalogo/tipoproyecto/ HTTP/1.1" 200 2098 "https://www.neutralbank.app/registro-referencia" "Mozilla/5.0 (Macintosh; Intel Mac OS X 10_15_7) AppleWebKit/537.36 (KHTML, like Gecko) Chrome/125.0.0.0 Safari/537.36"
neutralbank.app:443 170.81.34.160 - - [06/Aug/2024:15:41:40 +0000] "GET /api/api/v1/catalogo/pais/ HTTP/1.1" 200 1474 "https://www.neutralbank.app/registro-referencia" "Mozilla/5.0 (Macintosh; Intel Mac OS X 10_15_7) AppleWebKit/537.36 (KHTML, like Gecko) Chrome/125.0.0.0 Safari/537.36"
neutralbank.app:443 170.81.34.160 - - [06/Aug/2024:15:41:40 +0000] "GET /api/api/v1/proyecto/proyecto/ HTTP/1.1" 200 6789 "https://www.neutralbank.app/registro-referencia" "Mozilla/5.0 (Macintosh; Intel Mac OS X 10_15_7) AppleWebKit/537.36 (KHTML, like Gecko) Chrome/125.0.0.0 Safari/537.36"
neutralbank.app:443 170.81.34.160 - - [06/Aug/2024:15:41:59 +0000] "GET /api/api/v1/proyecto/proyecto_referencia/77/ HTTP/1.1" 200 5779 "https://www.neutralbank.app/referencia-item" "Mozilla/5.0 (Macintosh; Intel Mac OS X 10_15_7) AppleWebKit/537.36 (KHTML, like Gecko) Chrome/125.0.0.0 Safari/537.36"
neutralbank.app:443 170.81.34.160 - - [06/Aug/2024:15:42:07 +0000] "GET /api/api/v1/huella/huellareferencia/?proyecto=77&token=b7e1af144a3dff426cc7d514b462e1404629442b HTTP/1.1" 200 2255 "https://www.neutralbank.app/huella-referencia" "Mozilla/5.0 (Macintosh; Intel Mac OS X 10_15_7) AppleWebKit/537.36 (KHTML, like Gecko) Chrome/125.0.0.0 Safari/537.36"
neutralbank.app:443 200.25.27.118 - - [06/Aug/2024:15:42:35 +0000] "GET / HTTP/1.1" 200 6383 "-" "Mozilla/5.0 (compatible; PRTG Network Monitor (www.paessler.com); Windows)"
neutralbank.app:443 170.81.34.160 - - [06/Aug/2024:15:43:18 +0000] "GET /api/api/v1/catalogo/tipoproyecto/ HTTP/1.1" 200 2422 "https://www.neutralbank.app/registro-referencia" "Mozilla/5.0 (Macintosh; Intel Mac OS X 10_15_7) AppleWebKit/537.36 (KHTML, like Gecko) Chrome/125.0.0.0 Safari/537.36"
neutralbank.app:443 170.81.34.160 - - [06/Aug/2024:15:43:18 +0000] "GET /api/api/v1/catalogo/pais/ HTTP/1.1" 200 1474 "https://www.neutralbank.app/registro-referencia" "Mozilla/5.0 (Macintosh; Intel Mac OS X 10_15_7) AppleWebKit/537.36 (KHTML, like Gecko) Chrome/125.0.0.0 Safari/537.36"
neutralbank.app:443 170.81.34.160 - - [06/Aug/2024:15:43:18 +0000] "GET /api/api/v1/proyecto/proyecto/ HTTP/1.1" 200 6789 "https://www.neutralbank.app/registro-referencia" "Mozilla/5.0 (Macintosh; Intel Mac OS X 10_15_7) AppleWebKit/537.36 (KHTML, like Gecko) Chrome/125.0.0.0 Safari/537.36"
neutralbank.app:443 170.81.34.160 - - [06/Aug/2024:15:43:32 +0000] "GET /api/api/v1/proyecto/proyecto_referencia/76/ HTTP/1.1" 200 5038 "https://www.neutralbank.app/referencia-item" "Mozilla/5.0 (Macintosh; Intel Mac OS X 10_15_7) AppleWebKit/537.36 (KHTML, like Gecko) Chrome/125.0.0.0 Safari/537.36"
neutralbank.app:443 200.25.27.118 - - [06/Aug/2024:15:43:35 +0000] "GET / HTTP/1.1" 200 6383 "-" "Mozilla/5.0 (compatible; PRTG Network Monitor (www.paessler.com); Windows)"
neutralbank.app:443 170.81.34.160 - - [06/Aug/2024:15:43:49 +0000] "GET /api/api/v1/huella/huellareferencia/?proyecto=76&token=b7e1af144a3dff426cc7d514b462e1404629442b HTTP/1.1" 200 1909 "https://www.neutralbank.app/huella-referencia" "Mozilla/5.0 (Macintosh; Intel Mac OS X 10_15_7) AppleWebKit/537.36 (KHTML, like Gecko) Chrome/125.0.0.0 Safari/537.36"
neutralbank.app:443 200.25.27.118 - - [06/Aug/2024:15:44:35 +0000] "GET / HTTP/1.1" 200 6383 "-" "Mozilla/5.0 (compatible; PRTG Network Monitor (www.paessler.com); Windows)"
neutralbank.app:443 170.81.34.160 - - [06/Aug/2024:15:44:57 +0000] "GET /lista-registro HTTP/1.1" 200 2672 "https://www.neutralbank.app/soporte" "Mozilla/5.0 (Macintosh; Intel Mac OS X 10_15_7) AppleWebKit/537.36 (KHTML, like Gecko) Chrome/125.0.0.0 Safari/537.36"
neutralbank.app:443 170.81.34.160 - - [06/Aug/2024:15:44:57 +0000] "GET /api/api/v1/catalogo/tipoproyecto/ HTTP/1.1" 200 2422 "https://www.neutralbank.app/lista-registro" "Mozilla/5.0 (Macintosh; Intel Mac OS X 10_15_7) AppleWebKit/537.36 (KHTML, like Gecko) Chrome/125.0.0.0 Safari/537.36"
neutralbank.app:443 170.81.34.160 - - [06/Aug/2024:15:44:58 +0000] "GET /api/api/v1/catalogo/tipoproyecto/ HTTP/1.1" 200 2098 "https://www.neutralbank.app/lista-registro" "Mozilla/5.0 (Macintosh; Intel Mac OS X 10_15_7) AppleWebKit/537.36 (KHTML, like Gecko) Chrome/125.0.0.0 Safari/537.36"
neutralbank.app:443 170.81.34.160 - - [06/Aug/2024:15:45:07 +0000] "GET /lista-registro HTTP/1.1" 200 2672 "https://www.neutralbank.app/soporte" "Mozilla/5.0 (Macintosh; Intel Mac OS X 10_15_7) AppleWebKit/537.36 (KHTML, like Gecko) Chrome/125.0.0.0 Safari/537.36"
neutralbank.app:443 170.81.34.160 - - [06/Aug/2024:15:45:07 +0000] "GET /api/api/v1/catalogo/pais/ HTTP/1.1" 200 1798 "https://www.neutralbank.app/lista-registro" "Mozilla/5.0 (Macintosh; Intel Mac OS X 10_15_7) AppleWebKit/537.36 (KHTML, like Gecko) Chrome/125.0.0.0 Safari/537.36"
neutralbank.app:443 170.81.34.160 - - [06/Aug/2024:15:45:07 +0000] "GET /api/api/v1/catalogo/tipoproyecto/ HTTP/1.1" 200 2098 "https://www.neutralbank.app/lista-registro" "Mozilla/5.0 (Macintosh; Intel Mac OS X 10_15_7) AppleWebKit/537.36 (KHTML, like Gecko) Chrome/125.0.0.0 Safari/537.36"
neutralbank.app:443 170.81.34.160 - - [06/Aug/2024:15:45:08 +0000] "GET /api/api/v1/catalogo/pais/ HTTP/1.1" 200 1474 "https://www.neutralbank.app/lista-registro" "Mozilla/5.0 (Macintosh; Intel Mac OS X 10_15_7) AppleWebKit/537.36 (KHTML, like Gecko) Chrome/125.0.0.0 Safari/537.36"
neutralbank.app:443 170.81.34.160 - - [06/Aug/2024:15:45:08 +0000] "GET /api/api/v1/proyecto/proyecto/ HTTP/1.1" 200 6789 "https://www.neutralbank.app/lista-registro" "Mozilla/5.0 (Macintosh; Intel Mac OS X 10_15_7) AppleWebKit/537.36 (KHTML, like Gecko) Chrome/125.0.0.0 Safari/537.36"
neutralbank.app:443 170.81.34.160 - - [06/Aug/2024:15:45:16 +0000] "GET /api/api/v1/proyecto/proyecto_registro/76/?fase=2 HTTP/1.1" 200 5019 "https://www.neutralbank.app/registro-item" "Mozilla/5.0 (Macintosh; Intel Mac OS X 10_15_7) AppleWebKit/537.36 (KHTML, like Gecko) Chrome/125.0.0.0 Safari/537.36"
neutralbank.app:443 170.81.34.160 - - [06/Aug/2024:15:45:20 +0000] "GET /api/api/v1/proyecto/proyecto_registro/76/?fase=3 HTTP/1.1" 200 4707 "https://www.neutralbank.app/registro-item" "Mozilla/5.0 (Macintosh; Intel Mac OS X 10_15_7) AppleWebKit/537.36 (KHTML, like Gecko) Chrome/125.0.0.0 Safari/537.36"
neutralbank.app:443 170.81.34.160 - - [06/Aug/2024:15:45:24 +0000] "GET /api/api/v1/proyecto/proyecto_registro/76/?fase=2 HTTP/1.1" 200 4695 "https://www.neutralbank.app/registro-item" "Mozilla/5.0 (Macintosh; Intel Mac OS X 10_15_7) AppleWebKit/537.36 (KHTML, like Gecko) Chrome/125.0.0.0 Safari/537.36"
neutralbank.app:443 170.81.34.160 - - [06/Aug/2024:15:45:34 +0000] "GET /api/api/v1/catalogo/tipoproyecto/ HTTP/1.1" 200 2422 "https://www.neutralbank.app/registro-referencia" "Mozilla/5.0 (Macintosh; Intel Mac OS X 10_15_7) AppleWebKit/537.36 (KHTML, like Gecko) Chrome/125.0.0.0 Safari/537.36"
neutralbank.app:443 200.25.27.118 - - [06/Aug/2024:15:45:35 +0000] "GET / HTTP/1.1" 200 6383 "-" "Mozilla/5.0 (compatible; PRTG Network Monitor (www.paessler.com); Windows)"
neutralbank.app:443 170.81.34.160 - - [06/Aug/2024:15:45:35 +0000] "GET /api/api/v1/catalogo/pais/ HTTP/1.1" 200 1474 "https://www.neutralbank.app/registro-referencia" "Mozilla/5.0 (Macintosh; Intel Mac OS X 10_15_7) AppleWebKit/537.36 (KHTML, like Gecko) Chrome/125.0.0.0 Safari/537.36"
neutralbank.app:443 170.81.34.160 - - [06/Aug/2024:15:45:41 +0000] "GET /api/api/v1/proyecto/proyecto/ HTTP/1.1" 200 7113 "https://www.neutralbank.app/registro-referencia" "Mozilla/5.0 (Macintosh; Intel Mac OS X 10_15_7) AppleWebKit/537.36 (KHTML, like Gecko) Chrome/125.0.0.0 Safari/537.36"
neutralbank.app:443 170.81.34.160 - - [06/Aug/2024:15:45:58 +0000] "GET /api/api/v1/proyecto/proyecto_referencia/76/ HTTP/1.1" 200 5038 "https://www.neutralbank.app/referencia-item" "Mozilla/5.0 (Macintosh; Intel Mac OS X 10_15_7) AppleWebKit/537.36 (KHTML, like Gecko) Chrome/125.0.0.0 Safari/537.36"
neutralbank.app:443 200.25.27.118 - - [06/Aug/2024:15:46:35 +0000] "GET / HTTP/1.1" 200 6383 "-" "Mozilla/5.0 (compatible; PRTG Network Monitor (www.paessler.com); Windows)"
neutralbank.app:443 170.81.34.160 - - [06/Aug/2024:15:46:39 +0000] "GET /api/api/v1/huella/huellareferencia/?proyecto=76&token=b7e1af144a3dff426cc7d514b462e1404629442b HTTP/1.1" 200 1909 "https://www.neutralbank.app/huella-referencia" "Mozilla/5.0 (Macintosh; Intel Mac OS X 10_15_7) AppleWebKit/537.36 (KHTML, like Gecko) Chrome/125.0.0.0 Safari/537.36"
neutralbank.app:443 200.25.27.118 - - [06/Aug/2024:15:47:35 +0000] "GET / HTTP/1.1" 200 6383 "-" "Mozilla/5.0 (compatible; PRTG Network Monitor (www.paessler.com); Windows)"
neutralbank.app:443 170.81.34.160 - - [06/Aug/2024:15:48:06 +0000] "GET /api/api/v1/catalogo/tipoproyecto/ HTTP/1.1" 200 2422 "https://www.neutralbank.app/registro-referencia" "Mozilla/5.0 (Macintosh; Intel Mac OS X 10_15_7) AppleWebKit/537.36 (KHTML, like Gecko) Chrome/125.0.0.0 Safari/537.36"
neutralbank.app:443 170.81.34.160 - - [06/Aug/2024:15:48:06 +0000] "GET /api/api/v1/catalogo/pais/ HTTP/1.1" 200 1474 "https://www.neutralbank.app/registro-referencia" "Mozilla/5.0 (Macintosh; Intel Mac OS X 10_15_7) AppleWebKit/537.36 (KHTML, like Gecko) Chrome/125.0.0.0 Safari/537.36"
neutralbank.app:443 170.81.34.160 - - [06/Aug/2024:15:48:07 +0000] "GET /api/api/v1/proyecto/proyecto/ HTTP/1.1" 200 6789 "https://www.neutralbank.app/registro-referencia" "Mozilla/5.0 (Macintosh; Intel Mac OS X 10_15_7) AppleWebKit/537.36 (KHTML, like Gecko) Chrome/125.0.0.0 Safari/537.36"
neutralbank.app:443 170.81.34.160 - - [06/Aug/2024:15:48:19 +0000] "GET /api/api/v1/proyecto/proyecto_referencia/75/ HTTP/1.1" 200 4878 "https://www.neutralbank.app/referencia-item" "Mozilla/5.0 (Macintosh; Intel Mac OS X 10_15_7) AppleWebKit/537.36 (KHTML, like Gecko) Chrome/125.0.0.0 Safari/537.36"
neutralbank.app:443 200.25.27.118 - - [06/Aug/2024:15:48:35 +0000] "GET / HTTP/1.1" 200 6383 "-" "Mozilla/5.0 (compatible; PRTG Network Monitor (www.paessler.com); Windows)"
neutralbank.app:443 170.81.34.160 - - [06/Aug/2024:15:49:11 +0000] "GET /registro-referencia HTTP/1.1" 200 2672 "https://www.neutralbank.app/soporte" "Mozilla/5.0 (Macintosh; Intel Mac OS X 10_15_7) AppleWebKit/537.36 (KHTML, like Gecko) Chrome/125.0.0.0 Safari/537.36"
neutralbank.app:443 170.81.34.160 - - [06/Aug/2024:15:49:11 +0000] "GET /api/api/v1/huella/huellareferencia/?proyecto=75&token=b7e1af144a3dff426cc7d514b462e1404629442b HTTP/1.1" 200 1918 "https://www.neutralbank.app/huella-referencia" "Mozilla/5.0 (Macintosh; Intel Mac OS X 10_15_7) AppleWebKit/537.36 (KHTML, like Gecko) Chrome/125.0.0.0 Safari/537.36"
neutralbank.app:443 170.81.34.160 - - [06/Aug/2024:15:49:12 +0000] "GET /api/api/v1/catalogo/tipoproyecto/ HTTP/1.1" 200 2422 "https://www.neutralbank.app/registro-referencia" "Mozilla/5.0 (Macintosh; Intel Mac OS X 10_15_7) AppleWebKit/537.36 (KHTML, like Gecko) Chrome/125.0.0.0 Safari/537.36"
neutralbank.app:443 170.81.34.160 - - [06/Aug/2024:15:49:12 +0000] "GET /api/api/v1/catalogo/pais/ HTTP/1.1" 200 1474 "https://www.neutralbank.app/registro-referencia" "Mozilla/5.0 (Macintosh; Intel Mac OS X 10_15_7) AppleWebKit/537.36 (KHTML, like Gecko) Chrome/125.0.0.0 Safari/537.36"
neutralbank.app:443 170.81.34.160 - - [06/Aug/2024:15:49:12 +0000] "GET /api/api/v1/proyecto/proyecto/ HTTP/1.1" 200 6789 "https://www.neutralbank.app/registro-referencia" "Mozilla/5.0 (Macintosh; Intel Mac OS X 10_15_7) AppleWebKit/537.36 (KHTML, like Gecko) Chrome/125.0.0.0 Safari/537.36"
neutralbank.app:443 200.25.27.118 - - [06/Aug/2024:15:49:35 +0000] "GET / HTTP/1.1" 200 6383 "-" "Mozilla/5.0 (compatible; PRTG Network Monitor (www.paessler.com); Windows)"
neutralbank.app:443 170.81.34.160 - - [06/Aug/2024:15:49:55 +0000] "GET /api/api/v1/proyecto/proyecto_referencia/75/ HTTP/1.1" 200 4878 "https://www.neutralbank.app/referencia-item" "Mozilla/5.0 (Macintosh; Intel Mac OS X 10_15_7) AppleWebKit/537.36 (KHTML, like Gecko) Chrome/125.0.0.0 Safari/537.36"
neutralbank.app:443 170.81.34.160 - - [06/Aug/2024:15:50:09 +0000] "GET /api/api/v1/huella/huellareferencia/?proyecto=75&token=b7e1af144a3dff426cc7d514b462e1404629442b HTTP/1.1" 200 2242 "https://www.neutralbank.app/huella-referencia" "Mozilla/5.0 (Macintosh; Intel Mac OS X 10_15_7) AppleWebKit/537.36 (KHTML, like Gecko) Chrome/125.0.0.0 Safari/537.36"
neutralbank.app:443 170.81.34.160 - - [06/Aug/2024:15:50:09 +0000] "GET /api/api/v1/catalogo/tipoproyecto/ HTTP/1.1" 200 2422 "https://www.neutralbank.app/registro-referencia" "Mozilla/5.0 (Macintosh; Intel Mac OS X 10_15_7) AppleWebKit/537.36 (KHTML, like Gecko) Chrome/125.0.0.0 Safari/537.36"
neutralbank.app:443 170.81.34.160 - - [06/Aug/2024:15:50:09 +0000] "GET /api/api/v1/catalogo/pais/ HTTP/1.1" 200 1474 "https://www.neutralbank.app/registro-referencia" "Mozilla/5.0 (Macintosh; Intel Mac OS X 10_15_7) AppleWebKit/537.36 (KHTML, like Gecko) Chrome/125.0.0.0 Safari/537.36"
neutralbank.app:443 170.81.34.160 - - [06/Aug/2024:15:50:10 +0000] "GET /api/api/v1/proyecto/proyecto/ HTTP/1.1" 200 6789 "https://www.neutralbank.app/registro-referencia" "Mozilla/5.0 (Macintosh; Intel Mac OS X 10_15_7) AppleWebKit/537.36 (KHTML, like Gecko) Chrome/125.0.0.0 Safari/537.36"
neutralbank.app:443 200.25.27.118 - - [06/Aug/2024:15:50:35 +0000] "GET / HTTP/1.1" 200 6383 "-" "Mozilla/5.0 (compatible; PRTG Network Monitor (www.paessler.com); Windows)"
neutralbank.app:443 170.81.34.160 - - [06/Aug/2024:15:50:42 +0000] "GET /api/api/v1/proyecto/proyecto_referencia/75/ HTTP/1.1" 200 4878 "https://www.neutralbank.app/referencia-item" "Mozilla/5.0 (Macintosh; Intel Mac OS X 10_15_7) AppleWebKit/537.36 (KHTML, like Gecko) Chrome/125.0.0.0 Safari/537.36"
neutralbank.app:443 200.25.27.118 - - [06/Aug/2024:15:51:35 +0000] "GET / HTTP/1.1" 200 6383 "-" "Mozilla/5.0 (compatible; PRTG Network Monitor (www.paessler.com); Windows)"
neutralbank.app:443 170.81.34.160 - - [06/Aug/2024:15:52:07 +0000] "GET /api/api/v1/huella/huellareferencia/?proyecto=75&token=b7e1af144a3dff426cc7d514b462e1404629442b HTTP/1.1" 200 2242 "https://www.neutralbank.app/huella-referencia" "Mozilla/5.0 (Macintosh; Intel Mac OS X 10_15_7) AppleWebKit/537.36 (KHTML, like Gecko) Chrome/125.0.0.0 Safari/537.36"
neutralbank.app:443 200.25.27.118 - - [06/Aug/2024:15:52:35 +0000] "GET / HTTP/1.1" 200 6383 "-" "Mozilla/5.0 (compatible; PRTG Network Monitor (www.paessler.com); Windows)"
neutralbank.app:443 170.81.34.160 - - [06/Aug/2024:15:53:21 +0000] "GET /api/api/v1/catalogo/tipoproyecto/ HTTP/1.1" 200 2422 "https://www.neutralbank.app/registro-referencia" "Mozilla/5.0 (Macintosh; Intel Mac OS X 10_15_7) AppleWebKit/537.36 (KHTML, like Gecko) Chrome/125.0.0.0 Safari/537.36"
neutralbank.app:443 170.81.34.160 - - [06/Aug/2024:15:53:21 +0000] "GET /api/api/v1/catalogo/pais/ HTTP/1.1" 200 1474 "https://www.neutralbank.app/registro-referencia" "Mozilla/5.0 (Macintosh; Intel Mac OS X 10_15_7) AppleWebKit/537.36 (KHTML, like Gecko) Chrome/125.0.0.0 Safari/537.36"
neutralbank.app:443 170.81.34.160 - - [06/Aug/2024:15:53:21 +0000] "GET /api/api/v1/proyecto/proyecto/ HTTP/1.1" 200 6789 "https://www.neutralbank.app/registro-referencia" "Mozilla/5.0 (Macintosh; Intel Mac OS X 10_15_7) AppleWebKit/537.36 (KHTML, like Gecko) Chrome/125.0.0.0 Safari/537.36"
neutralbank.app:443 170.81.34.160 - - [06/Aug/2024:15:53:32 +0000] "GET /api/api/v1/proyecto/proyecto_referencia/74/ HTTP/1.1" 200 4951 "https://www.neutralbank.app/referencia-item" "Mozilla/5.0 (Macintosh; Intel Mac OS X 10_15_7) AppleWebKit/537.36 (KHTML, like Gecko) Chrome/125.0.0.0 Safari/537.36"
neutralbank.app:443 200.25.27.118 - - [06/Aug/2024:15:53:35 +0000] "GET / HTTP/1.1" 200 6383 "-" "Mozilla/5.0 (compatible; PRTG Network Monitor (www.paessler.com); Windows)"
neutralbank.app:443 170.81.34.160 - - [06/Aug/2024:15:53:52 +0000] "-" 408 323 "-" "-"
neutralbank.app:443 170.81.34.160 - - [06/Aug/2024:15:53:57 +0000] "GET /api/api/v1/catalogo/tipoproyecto/ HTTP/1.1" 200 2422 "https://www.neutralbank.app/registro-referencia" "Mozilla/5.0 (Macintosh; Intel Mac OS X 10_15_7) AppleWebKit/537.36 (KHTML, like Gecko) Chrome/125.0.0.0 Safari/537.36"
neutralbank.app:443 170.81.34.160 - - [06/Aug/2024:15:53:57 +0000] "GET /api/api/v1/huella/huellareferencia/?proyecto=74&token=b7e1af144a3dff426cc7d514b462e1404629442b HTTP/1.1" 200 2271 "https://www.neutralbank.app/huella-referencia" "Mozilla/5.0 (Macintosh; Intel Mac OS X 10_15_7) AppleWebKit/537.36 (KHTML, like Gecko) Chrome/125.0.0.0 Safari/537.36"
neutralbank.app:443 170.81.34.160 - - [06/Aug/2024:15:53:57 +0000] "GET /api/api/v1/catalogo/pais/ HTTP/1.1" 200 1474 "https://www.neutralbank.app/registro-referencia" "Mozilla/5.0 (Macintosh; Intel Mac OS X 10_15_7) AppleWebKit/537.36 (KHTML, like Gecko) Chrome/125.0.0.0 Safari/537.36"
neutralbank.app:443 170.81.34.160 - - [06/Aug/2024:15:53:58 +0000] "GET /api/api/v1/proyecto/proyecto/ HTTP/1.1" 200 6789 "https://www.neutralbank.app/registro-referencia" "Mozilla/5.0 (Macintosh; Intel Mac OS X 10_15_7) AppleWebKit/537.36 (KHTML, like Gecko) Chrome/125.0.0.0 Safari/537.36"
neutralbank.app:443 200.25.27.118 - - [06/Aug/2024:15:54:35 +0000] "GET / HTTP/1.1" 200 6383 "-" "Mozilla/5.0 (compatible; PRTG Network Monitor (www.paessler.com); Windows)"
